<html>
<head>
  <style type="text/css">
    .docTypeCell {
      margin-left: 6.8pt;
      border-right-style: solid;
      padding: 5pt 5pt 5pt 5pt;
      border-bottom-color: #000000;
      border-top-width: 1pt;
      border-right-width: 1pt;
      border-left-color: #000000;
      vertical-align: top;
      border-right-color: #000000;
      border-left-width: 1pt;
      border-top-style: solid;
      border-left-style: solid;
      border-bottom-width: 1pt;
      width: 400pt;
      border-top-color: #000000;
      border-bottom-style: solid
    }

    .pageNumberCell {
      border-right-style: solid;
      padding: 5pt 5pt 5pt 5pt;
      border-bottom-color: #000000;
      border-top-width: 1pt;
      border-right-width: 1pt;
      border-left-color: #000000;
      vertical-align: top;
      border-right-color: #000000;
      border-left-width: 1pt;
      border-top-style: solid;
      border-left-style: solid;
      border-bottom-width: 1pt;
      width: 62.7pt;
      border-top-color: #000000;
      border-bottom-style: solid
    }
  </style>
</head>
<body>
<p style="font-weight: 700;text-align: center">PROTECT</p>
<img src="images/hmpps-logo.png" style="height: 100px; float: right"/>


<p style="font-weight: 700"><span>28 Day FTR 12 months &amp; over</span></p>
<p style="font-weight: 700">PAPERS FOR THE PAROLE BOARD RELATING TO:-</p>
<p style="font-weight: 700">Recall Outcome</p>
<p><span style="font-weight: 700">NAME: </span><span>PrisonerFirstName PrisonerMiddleNames PrisonerLastName</span></p>

<table>
  <tr>
    <td>
      <span style="font-weight: 700">ESTABLISHMENT: </span><span>Current Prison (ABC)</span>
    </td>
    <td>
      <span style="font-weight: 700">CATEGORY: </span><span>Not Applicable</span>
    </td>
  </tr>
  <tr>
    <td>
      <span style="font-weight: 700">PRISON NUMBER: </span><span>ABC1234F</span>
    </td>
    <td>
      <span style="font-weight: 700">VERSION: </span><span>0</span>
    </td>
  </tr>
</table>

<table style="border-spacing: 0; border-collapse: collapse">
  <thead style="font-weight: 700; background: lightgrey">
    <th class="docTypeCell">Document Type</th>
    <th class="pageNumberCell">Page</th>
  </thead>

  <tr>
    <td class="docTypeCell">Document 1</td>
    <td class="pageNumberCell">1</td>
  </tr>

  <tr>
    <td class="docTypeCell">Document 2</td>
    <td class="pageNumberCell">3</td>
  </tr>

  <tr>
    <td class="docTypeCell">Document 3</td>
    <td class="pageNumberCell">7</td>
  </tr>
  <tr>
    <td class="docTypeCell"/>
    <td class="pageNumberCell"/>
  </tr>
</table>

</body>
</html>