<html>
<head>
  <meta content="text/html; charset=UTF-8" http-equiv="content-type">
  <style
    type="text/css">@import url('https://themes.googleusercontent.com/fonts/css?kit=uTXSPZwEp3TWQFaTM2vlS3s421DlrhI9eSNlJenMRKM_aAifJoacbFX6HU9PyTi6');

  ol {
    margin: 0;
    padding: 0
  }

  table td, table th {
    padding: 0
  }

  .c7 {
    border-right-style: solid;
    padding: 0pt 5.4pt 0pt 5.4pt;
    border-bottom-color: #000000;
    border-top-width: 0pt;
    border-right-width: 0pt;
    border-left-color: #000000;
    vertical-align: top;
    border-right-color: #000000;
    border-left-width: 0pt;
    border-top-style: solid;
    border-left-style: solid;
    border-bottom-width: 0pt;
    width: 61pt;
    border-top-color: #000000;
    border-bottom-style: solid
  }

  .c41 {
    border-right-style: solid;
    padding: 0pt 5.4pt 0pt 5.4pt;
    border-bottom-color: #000000;
    border-top-width: 0pt;
    border-right-width: 0pt;
    border-left-color: #000000;
    vertical-align: top;
    border-right-color: #000000;
    border-left-width: 0pt;
    border-top-style: solid;
    border-left-style: solid;
    border-bottom-width: 0pt;
    width: 11.8pt;
    border-top-color: #000000;
    border-bottom-style: solid
  }

  .c20 {
    border-right-style: solid;
    padding: 0pt 5.4pt 0pt 5.4pt;
    border-bottom-color: #000000;
    border-top-width: 0pt;
    border-right-width: 0pt;
    border-left-color: #000000;
    vertical-align: top;
    border-right-color: #000000;
    border-left-width: 0pt;
    border-top-style: solid;
    border-left-style: solid;
    border-bottom-width: 0pt;
    width: 170.7pt;
    border-top-color: #000000;
    border-bottom-style: solid
  }

  .c80 {
    border-right-style: solid;
    padding: 0pt 5.4pt 0pt 25.4pt;
    border-bottom-color: #000000;
    border-top-width: 0pt;
    border-right-width: 0pt;
    border-left-color: #000000;
    vertical-align: top;
    border-right-color: #000000;
    border-left-width: 0pt;
    border-top-style: solid;
    border-left-style: solid;
    border-bottom-width: 0pt;
    width: 291.9pt;
    border-top-color: #000000;
    border-bottom-style: solid
  }

  .c26 {
    border-right-style: solid;
    padding: 0pt 5.4pt 0pt 5.4pt;
    border-bottom-color: #000000;
    border-top-width: 0pt;
    border-right-width: 0pt;
    border-left-color: #000000;
    vertical-align: top;
    border-right-color: #000000;
    border-left-width: 0pt;
    border-top-style: solid;
    border-left-style: solid;
    border-bottom-width: 0pt;
    width: 241.2pt;
    border-top-color: #000000;
    border-bottom-style: solid
  }

  .c19 {
    border-right-style: solid;
    padding: 0pt 5.4pt 0pt 5.4pt;
    border-bottom-color: #000000;
    border-top-width: 0pt;
    border-right-width: 0pt;
    border-left-color: #000000;
    vertical-align: top;
    border-right-color: #000000;
    border-left-width: 0pt;
    border-top-style: solid;
    border-left-style: solid;
    border-bottom-width: 0pt;
    width: 230.9pt;
    border-top-color: #000000;
    border-bottom-style: solid
  }

  .c68 {
    border-right-style: solid;
    padding: 0pt 5.4pt 0pt 5.4pt;
    border-bottom-color: #000000;
    border-top-width: 0pt;
    border-right-width: 0pt;
    border-left-color: #000000;
    vertical-align: top;
    border-right-color: #000000;
    border-left-width: 0pt;
    border-top-style: solid;
    border-left-style: solid;
    border-bottom-width: 0pt;
    width: 82.3pt;
    border-top-color: #000000;
    border-bottom-style: solid
  }

  .c3 {
    padding-top: 0pt;
    padding-bottom: 0pt;
    line-height: 1.0;
    orphans: 2;
    widows: 2;
    text-align: left;
    height: 10pt
  }

  .c4 {
    padding-top: 0pt;
    padding-bottom: 0pt;
    line-height: 1.0;
    orphans: 2;
    widows: 2;
    text-align: right;
    height: 10pt
  }

  .c9 {
    padding-top: 0pt;
    padding-bottom: 0pt;
    line-height: 1.0;
    orphans: 2;
    widows: 2;
    text-align: justify;
    height: 10pt
  }

  .c2 {
    color: #000000;
    font-weight: 400;
    text-decoration: none;
    vertical-align: baseline;
    font-size: 11pt;
    font-family: "Arial";
    font-style: normal
  }

  .c11 {
    padding-top: 0pt;
    padding-bottom: 0pt;
    line-height: 1.0;
    orphans: 2;
    widows: 2;
    text-align: justify
  }

  .c12 {
    padding-top: 0pt;
    padding-bottom: 0pt;
    line-height: 1.0;
    orphans: 2;
    widows: 2;
    text-align: left
  }

  .c14 {
    padding-top: 0pt;
    padding-bottom: 0pt;
    line-height: 1.0;
    orphans: 2;
    widows: 2;
    text-align: right
  }

  .c31 {
    color: #000000;
    text-decoration: none;
    font-size: 8.5pt;
    font-family: "Arial";
    font-style: normal
  }

  .c8 {
    color: #000000;
    text-decoration: none;
    font-size: 10pt;
    font-family: "Arial";
    font-style: normal
  }

  .c65 {
    color: #993366;
    text-decoration: none;
    font-family: "Arial";
    font-style: normal
  }

  .c56 {
    margin-left: -36.8pt;
    border-spacing: 0;
    border-collapse: collapse;
    margin-right: auto
  }

  .c79 {
    -webkit-text-decoration-skip: none;
    text-decoration: underline;
    text-decoration-skip-ink: none
  }

  .c77 {
    background-color: #ffffff;
    max-width: 496pt;
    padding: 35.5pt 35.5pt 35.5pt 35.5pt
  }

  .c15 {
    font-weight: 400;
    vertical-align: baseline
  }

  .c70 {
    font-family: "Arial";
    font-style: normal
  }

  .c0 {
    vertical-align: baseline;
    font-weight: 700
  }

  .c59 {
    margin-left: 0.1pt;
    text-indent: -0.1pt
  }

  .c61 {
    height: 68pt
  }

  .c49 {
    font-style: italic
  }

  .c53 {
    vertical-align: super
  }

  .c58 {
    color: #000000
  }

  .c47 {
    height: 8.5pt
  }

  .c10 {
    font-size: 11pt
  }

  .c33 {
    height: 28.4pt
  }

  .c17 {
    vertical-align: baseline
  }

  li {
    color: #000000;
    font-size: 10pt;
    font-family: "Arial"
  }

  p {
    margin: 0;
    color: #000000;
    font-size: 10pt;
    font-family: "Arial"
  }</style>
</head>
<body class="c77"><p class="c3"><span class="c8 c15"></span></p>
<table class="c56">
  <tbody>
  <tr class="c61">
    <td class="c80" colspan="2" rowspan="1"><p class="c12 c59"><span
      style="overflow: hidden; display: inline-block; margin: 0.00px 0.00px; border: 0.00px solid #000000; transform: rotate(0.00rad) translateZ(0px); -webkit-transform: rotate(0.00rad) translateZ(0px); width: 249.13px; height: 109.93px;"><img
      src="hmpps-logo.png"
      style="width: 249.13px; height: 109.93px; margin-left: -0.00px; margin-top: -0.00px; transform: rotate(0.00rad) translateZ(0px); -webkit-transform: rotate(0.00rad) translateZ(0px);"
      title=""></span></p>
      <p class="c3"><span class="c8 c15"></span></p></td>
    <td class="c41" colspan="1" rowspan="1"><p class="c3"><span class="c2"></span></p></td>
    <td class="c26" colspan="2" rowspan="4"><p class="c14"><span class="c0">Her Majesty&rsquo;s Prison &amp; Probation Service</span>
    </p>
      <p class="c14"><span class="c8 c15">Public Protection Group</span></p>
      <p class="c14"><span class="c8 c15">Public Protection Casework Section</span>
      </p>
      <p class="c14"><span class="c17">15</span><span class="c53">th</span><span class="c8 c15">&nbsp;Floor, Southern House </span>
      </p>
      <p class="c14"><span class="c8 c15">Wellesley Grove </span></p>
      <p class="c14"><span class="c8 c15">Croydon </span></p>
      <p class="c14"><span class="c8 c15">CR0 1XG</span></p>
      <p class="c4"><span class="c8 c15"></span></p>
      <p class="c14"><span class="c17">HM Prison &amp; Probation Service (</span><span class="c17 c49">PPCS</span><span
        class="c8 c15">)</span></p>
      <p class="c14"><span class="c8 c15">DX 330701, Croydon 52</span></p>
      <p class="c4"><span class="c8 c15"></span></p>
      <p class="c14"><span class="c0">Team: <span>Recall Team</span></span></p>
      <p class="c14"><span class="c0">T</span><span class="c8 c15">: <span>N/K</span></span></p>
      <p class="c4"><span class="c8 c15"></span></p>
      <p class="c14"><span class="c31 c0">www.justice.gov.uk</span></p></td>
  </tr>
  <tr class="c47">
    <td class="c7" colspan="1" rowspan="1"><p class="c3"><span class="c31 c15"></span></p></td>
    <td class="c19" colspan="1" rowspan="1"><p class="c3"><span class="c31 c15"></span></p></td>
    <td class="c41" colspan="1" rowspan="1"><p class="c3"><span class="c31 c15"></span></p></td>
  </tr>
  <tr class="c33">
    <td class="c7" colspan="1" rowspan="1"><p class="c3"><span class="c2"></span></p></td>
    <td class="c19" colspan="1" rowspan="1"><p class="c12"><span class="c2">For recall team 1 cases e-mail:</span></p>
      <p class="c12"><span class="c0">recall1@justice.gov.uk</span></p></td>
    <td class="c41" colspan="1" rowspan="1"><p class="c3"><span class="c2"></span></p></td>
  </tr>
  <tr class="c33">
    <td class="c7" colspan="1" rowspan="1"><p class="c3"><span class="c2"></span></p></td>
    <td class="c19" colspan="1" rowspan="1"><p class="c12"><span class="c2">For recall team 2 cases e-mail:</span></p>
      <p class="c12"><span class="c0">recall2@justice.gov.uk</span></p></td>
    <td class="c41" colspan="1" rowspan="1"><p class="c3"><span class="c2"></span></p></td>
  </tr>
  <tr class="c33">
    <td class="c7" colspan="1" rowspan="1"><p class="c3"><span class="c2"></span></p></td>
    <td class="c19" colspan="1" rowspan="1"><p class="c3"><span class="c2"></span></p>
      <p class="c3"><span class="c2"></span></p>
      <p class="c3"><span class="c2"></span></p>
      <p class="c12"><span class="c2">&nbsp;</span></p></td>
    <td class="c68" colspan="2" rowspan="1"><p class="c3"><span class="c2"></span></p></td>
    <td class="c20" colspan="1" rowspan="1"><p class="c3"><span class="c2"></span></p>
      <p class="c14"><span class="c2">29 Sep 2021</span></p></td>
  </tr>
  </tbody>
</table>
<p class="c3"><span class="c2"></span></p>
<p class="c12"><span class="c10 c17">Dear</span><span class="c10">&nbsp;</span><span class="c10 c17">Mr probation</span><span class="c2">,</span></p>
<p class="c3"><span class="c2"></span></p>
<p class="c12"><span class="c0 c10">Licensee:&nbsp;&nbsp;&nbsp;&nbsp;&nbsp;&nbsp;&nbsp;&nbsp;<span>Bertie Offender</span></span><span
  class="c10 c17">&nbsp;&nbsp;&nbsp;&nbsp;&nbsp;&nbsp;&nbsp;&nbsp;</span><span class="c0 c10">Our Ref: <span>bookingNumber</span></span>
</p>
<p class="c3"><span class="c2"></span></p>
<p class="c11"><span class="c2">Thank you for your report concerning the above named licensee.</span></p>
<p class="c9"><span class="c2"></span></p>
<p class="c11"><span class="c0 c10">Bertie Offender</span><span class="c10 c17">&rsquo;s licence was revoked today under Section 254 of the Criminal Justice Act 2003, as amended (</span><span
  class="c10 c17">Standard Recall</span><span class="c10 c17">) and the revocation order has been forwarded to the Governor of </span><span
  class="c0 c10">Current prison name</span><span class="c10 c17">&nbsp;where </span><span
  class="c0 c10">Bertie Offender</span><span class="c2">&nbsp;is currently in custody. Enclosed is a copy of the revocation order.</span>
</p>
<p class="c9"><span class="c2"></span></p>
<p class="c11"><span class="c10 c17">It is your responsibility to ensure that the Day 28 Risk Management Report (Part B) and the updated Risk Management Plan (OASys R11) are submitted to PPCS no later than </span><span
  class="c0 c10">.</span><span class="c10 c17">&nbsp;This should include any further information relevant to the offender&rsquo;s risk, for example an update on any pending charges or prosecutions.</span><span
  class="c0 c10">&nbsp;</span></p>
<p class="c9"><span class="c2"></span></p>
<p class="c11"><span class="c79 c0 c10">You will NOT be reminded to submit the papers and if the Report and Plan are not received by the deadline this will delay the Parole Board&rsquo;s review of suitability for re-release. &nbsp;In these cases your manager and/or ACO will be notified of the delay.</span>
</p>
<p class="c9"><span class="c2"></span></p>
<p class="c11"><span class="c2">Please note that it is extremely important that you give a clear recommendation on whether or not re-release is supported before or after day 28 of return to custody, so that the Public Protection Casework Section can make a decision on whether or not the offender should be re-released into the community.</span>
</p>
<p class="c9"><span class="c2"></span></p>
<p class="c11"><span class="c0 c10">If re-release is supported, prompt submission of the reports will enable the Secretary of State to consider the case for executive re-release and discuss with yourself if appropriate. The report should include details of accommodation with dates of availability (if available for a limited time only please highlight this to the PPCS caseworker) and full details of any proposed licence conditions. &nbsp;Where the offender requires a prescription for methadone or any other type of medication please ensure that you are very clear about the timescales required to secure that ahead of any actual release date.</span>
</p>
<p class="c9"><span class="c2"></span></p>
<p class="c11"><span class="c2">In addition, please be mindful that you may need to liaise with other agencies, for example, in respect of MAPPA or PPO initiatives or with the Victim Liaison Officer. Where appropriate, this will need to be fed into the Risk Management Plan.</span>
</p>
<p class="c9"><span class="c15 c70 c58 c10 c79"></span></p>
<p class="c11"><span class="c2">Please be aware that, in the event that the Parole Board decide to make no recommendation for release, the information provided by you in the Risk Management Report will be used as part of an initial assessment to consider whether the offender has sufficient time before his Sentence Expiry Date (SED) to reduce his risk of harm and reoffending and be safely re-released into the community on licence.</span>
</p>
<p class="c9"><span class="c15 c10 c65"></span></p>
<p class="c9"><span class="c2"></span></p>
<p class="c11"><span class="c2">Yours sincerely,</span></p>
<p class="c9"><span class="c2"></span></p>
<p class="c9"><span class="c2"></span></p>
<p class="c9"><span class="c2"></span></p>
<p class="c12"><span class="c0 c10">Bobby Caseworker</span></p>
<p class="c11"><span class="c0 c10">Public Protection Casework Section </span></p>
</body>
</html>