<html>
<head>
  <meta content="text/html; charset=UTF-8" http-equiv="content-type">
  <style type="text/css">@import url('https://themes.googleusercontent.com/fonts/css?kit=dB3GuSCq0f_LRNaO3opFPA');

  .lst-kix_list_1-3 > li:before {
    content: "\0025cf  "
  }

  .lst-kix_list_1-4 > li:before {
    content: "o  "
  }

  ul.lst-kix_list_1-0 {
    list-style-type: none
  }

  .lst-kix_list_1-7 > li:before {
    content: "o  "
  }

  .lst-kix_list_1-5 > li:before {
    content: "\0025aa  "
  }

  .lst-kix_list_1-6 > li:before {
    content: "\0025cf  "
  }

  li.li-bullet-0:before {
    margin-left: -18pt;
    white-space: nowrap;
    display: inline-block;
    min-width: 18pt
  }

  ul.lst-kix_list_1-3 {
    list-style-type: none
  }

  .lst-kix_list_1-0 > li:before {
    content: "\0025cf  "
  }

  ul.lst-kix_list_1-4 {
    list-style-type: none
  }

  .lst-kix_list_1-8 > li:before {
    content: "\0025aa  "
  }

  ul.lst-kix_list_1-1 {
    list-style-type: none
  }

  ul.lst-kix_list_1-2 {
    list-style-type: none
  }

  ul.lst-kix_list_1-7 {
    list-style-type: none
  }

  .lst-kix_list_1-1 > li:before {
    content: "o  "
  }

  .lst-kix_list_1-2 > li:before {
    content: "\0025aa  "
  }

  ul.lst-kix_list_1-8 {
    list-style-type: none
  }

  ul.lst-kix_list_1-5 {
    list-style-type: none
  }

  ul.lst-kix_list_1-6 {
    list-style-type: none
  }

  ol {
    margin: 0;
    padding: 0
  }

  table td, table th {
    padding: 0
  }

  .c64 {
    border-right-style: solid;
    padding: 0pt 5.4pt 0pt 5.4pt;
    border-bottom-color: #000000;
    border-top-width: 1pt;
    border-right-width: 1pt;
    border-left-color: #000000;
    vertical-align: top;
    border-right-color: #000000;
    border-left-width: 1pt;
    border-top-style: solid;
    border-left-style: solid;
    border-bottom-width: 1pt;
    width: 245.6pt;
    border-top-color: #000000;
    border-bottom-style: solid
  }

  .c22 {
    border-right-style: solid;
    padding: 0pt 5.4pt 0pt 5.4pt;
    border-bottom-color: #000000;
    border-top-width: 1pt;
    border-right-width: 1pt;
    border-left-color: #000000;
    vertical-align: top;
    border-right-color: #000000;
    border-left-width: 1pt;
    border-top-style: solid;
    border-left-style: solid;
    border-bottom-width: 0pt;
    width: 117pt;
    border-top-color: #000000;
    border-bottom-style: solid
  }

  .c63 {
    border-right-style: solid;
    padding: 0pt 5.4pt 0pt 5.4pt;
    border-bottom-color: #000000;
    border-top-width: 0pt;
    border-right-width: 1pt;
    border-left-color: #000000;
    vertical-align: top;
    border-right-color: #000000;
    border-left-width: 1pt;
    border-top-style: solid;
    border-left-style: solid;
    border-bottom-width: 1pt;
    width: 140.1pt;
    border-top-color: #000000;
    border-bottom-style: solid
  }

  .c40 {
    border-right-style: solid;
    padding: 0pt 5.4pt 0pt 5.4pt;
    border-bottom-color: #000000;
    border-top-width: 0pt;
    border-right-width: 0pt;
    border-left-color: #000000;
    vertical-align: top;
    border-right-color: #000000;
    border-left-width: 0pt;
    border-top-style: solid;
    border-left-style: solid;
    border-bottom-width: 0pt;
    width: 58.9pt;
    border-top-color: #000000;
    border-bottom-style: solid
  }

  .c36 {
    border-right-style: solid;
    padding: 0pt 5.4pt 0pt 5.4pt;
    border-bottom-color: #000000;
    border-top-width: 0pt;
    border-right-width: 0pt;
    border-left-color: #000000;
    vertical-align: top;
    border-right-color: #000000;
    border-left-width: 0pt;
    border-top-style: solid;
    border-left-style: solid;
    border-bottom-width: 0pt;
    width: 281.9pt;
    border-top-color: #000000;
    border-bottom-style: solid
  }

  .c12 {
    border-right-style: solid;
    padding: 0pt 5.4pt 0pt 5.4pt;
    border-bottom-color: #000000;
    border-top-width: 1pt;
    border-right-width: 1pt;
    border-left-color: #000000;
    vertical-align: top;
    border-right-color: #000000;
    border-left-width: 1pt;
    border-top-style: solid;
    border-left-style: solid;
    border-bottom-width: 0pt;
    width: 140.1pt;
    border-top-color: #000000;
    border-bottom-style: solid
  }

  .c33 {
    border-right-style: solid;
    padding: 0pt 5.4pt 0pt 5.4pt;
    border-bottom-color: #000000;
    border-top-width: 1pt;
    border-right-width: 1pt;
    border-left-color: #000000;
    vertical-align: top;
    border-right-color: #000000;
    border-left-width: 1pt;
    border-top-style: solid;
    border-left-style: solid;
    border-bottom-width: 1pt;
    width: 256pt;
    border-top-color: #000000;
    border-bottom-style: solid
  }

  .c46 {
    border-right-style: solid;
    padding: 0pt 5.4pt 0pt 5.4pt;
    border-bottom-color: #000000;
    border-top-width: 1pt;
    border-right-width: 1pt;
    border-left-color: #000000;
    vertical-align: top;
    border-right-color: #000000;
    border-left-width: 1pt;
    border-top-style: solid;
    border-left-style: solid;
    border-bottom-width: 1pt;
    width: 501.6pt;
    border-top-color: #000000;
    border-bottom-style: solid
  }

  .c27 {
    border-right-style: solid;
    padding: 0pt 5.4pt 0pt 5.4pt;
    border-bottom-color: #000000;
    border-top-width: 0pt;
    border-right-width: 1pt;
    border-left-color: #000000;
    vertical-align: top;
    border-right-color: #000000;
    border-left-width: 1pt;
    border-top-style: solid;
    border-left-style: solid;
    border-bottom-width: 1pt;
    width: 117pt;
    border-top-color: #000000;
    border-bottom-style: solid
  }

  .c68 {
    border-right-style: solid;
    padding: 0pt 5.4pt 0pt 5.4pt;
    border-bottom-color: #000000;
    border-top-width: 1pt;
    border-right-width: 1pt;
    border-left-color: #000000;
    vertical-align: top;
    border-right-color: #000000;
    border-left-width: 1pt;
    border-top-style: solid;
    border-left-style: solid;
    border-bottom-width: 0pt;
    width: 126.3pt;
    border-top-color: #000000;
    border-bottom-style: solid
  }

  .c67 {
    border-right-style: solid;
    padding: 0pt 5.4pt 0pt 5.4pt;
    border-bottom-color: #000000;
    border-top-width: 0pt;
    border-right-width: 1pt;
    border-left-color: #000000;
    vertical-align: top;
    border-right-color: #000000;
    border-left-width: 1pt;
    border-top-style: solid;
    border-left-style: solid;
    border-bottom-width: 1pt;
    width: 126.3pt;
    border-top-color: #000000;
    border-bottom-style: solid
  }

  .c53 {
    border-right-style: solid;
    padding: 0pt 5.4pt 0pt 5.4pt;
    border-bottom-color: #000000;
    border-top-width: 0pt;
    border-right-width: 0pt;
    border-left-color: #000000;
    vertical-align: top;
    border-right-color: #000000;
    border-left-width: 0pt;
    border-top-style: solid;
    border-left-style: solid;
    border-bottom-width: 0pt;
    width: 11.8pt;
    border-top-color: #000000;
    border-bottom-style: solid
  }

  .c30 {
    border-right-style: solid;
    padding: 0pt 5.4pt 0pt 5.4pt;
    border-bottom-color: #000000;
    border-top-width: 0pt;
    border-right-width: 0pt;
    border-left-color: #000000;
    vertical-align: top;
    border-right-color: #000000;
    border-left-width: 0pt;
    border-top-style: solid;
    border-left-style: solid;
    border-bottom-width: 0pt;
    width: 224.8pt;
    border-top-color: #000000;
    border-bottom-style: solid
  }

  .c35 {
    border-right-style: solid;
    padding: 0pt 5.4pt 0pt 5.4pt;
    border-bottom-color: #000000;
    border-top-width: 0pt;
    border-right-width: 0pt;
    border-left-color: #000000;
    vertical-align: top;
    border-right-color: #000000;
    border-left-width: 0pt;
    border-top-style: solid;
    border-left-style: solid;
    border-bottom-width: 0pt;
    width: 223pt;
    border-top-color: #000000;
    border-bottom-style: solid
  }

  .c61 {
    border-right-style: solid;
    border-bottom-color: #000000;
    border-top-width: 0pt;
    border-right-width: 0pt;
    border-left-color: #000000;
    vertical-align: top;
    border-right-color: #000000;
    border-left-width: 0pt;
    border-top-style: solid;
    border-left-style: solid;
    border-bottom-width: 0pt;
    width: 248.1pt;
    border-top-color: #000000;
    border-bottom-style: solid
  }

  .c43 {
    border-right-style: solid;
    border-bottom-color: #000000;
    border-top-width: 0pt;
    border-right-width: 0pt;
    border-left-color: #000000;
    vertical-align: top;
    border-right-color: #000000;
    border-left-width: 0pt;
    border-top-style: solid;
    border-left-style: solid;
    border-bottom-width: 0pt;
    width: 450.8pt;
    border-top-color: #000000;
    border-bottom-style: solid
  }

  .c48 {
    border-right-style: solid;
    border-bottom-color: #000000;
    border-top-width: 1pt;
    border-right-width: 0pt;
    border-left-color: #000000;
    vertical-align: top;
    border-right-color: #000000;
    border-left-width: 0pt;
    border-top-style: solid;
    border-left-style: solid;
    border-bottom-width: 0pt;
    width: 496.2pt;
    border-top-color: #000000;
    border-bottom-style: solid
  }

  .c31 {
    border-right-style: solid;
    border-bottom-color: #000000;
    border-top-width: 0pt;
    border-right-width: 0pt;
    border-left-color: #000000;
    vertical-align: top;
    border-right-color: #000000;
    border-left-width: 0pt;
    border-top-style: solid;
    border-left-style: solid;
    border-bottom-width: 0pt;
    width: 45.5pt;
    border-top-color: #000000;
    border-bottom-style: solid
  }

  .c44 {
    border-right-style: solid;
    border-bottom-color: #000000;
    border-top-width: 1pt;
    border-right-width: 0pt;
    border-left-color: #000000;
    vertical-align: top;
    border-right-color: #000000;
    border-left-width: 0pt;
    border-top-style: solid;
    border-left-style: solid;
    border-bottom-width: 0pt;
    width: 173.3pt;
    border-top-color: #000000;
    border-bottom-style: solid
  }

  .c32 {
    border-right-style: solid;
    border-bottom-color: #000000;
    border-top-width: 0pt;
    border-right-width: 0pt;
    border-left-color: #000000;
    vertical-align: top;
    border-right-color: #000000;
    border-left-width: 0pt;
    border-top-style: solid;
    border-left-style: solid;
    border-bottom-width: 0pt;
    width: 74.8pt;
    border-top-color: #000000;
    border-bottom-style: solid
  }

  .c28 {
    border-right-style: solid;
    border-bottom-color: #000000;
    border-top-width: 0pt;
    border-right-width: 0pt;
    border-left-color: #000000;
    vertical-align: top;
    border-right-color: #000000;
    border-left-width: 0pt;
    border-top-style: solid;
    border-left-style: solid;
    border-bottom-width: 0pt;
    width: 202.7pt;
    border-top-color: #000000;
    border-bottom-style: solid
  }

  .c37 {
    border-right-style: solid;
    border-bottom-color: #000000;
    border-top-width: 1pt;
    border-right-width: 0pt;
    border-left-color: #000000;
    vertical-align: top;
    border-right-color: #000000;
    border-left-width: 0pt;
    border-top-style: solid;
    border-left-style: solid;
    border-bottom-width: 0pt;
    width: 74.8pt;
    border-top-color: #000000;
    border-bottom-style: solid
  }

  .c56 {
    border-right-style: solid;
    border-bottom-color: #000000;
    border-top-width: 1pt;
    border-right-width: 0pt;
    border-left-color: #000000;
    vertical-align: top;
    border-right-color: #000000;
    border-left-width: 0pt;
    border-top-style: solid;
    border-left-style: solid;
    border-bottom-width: 0pt;
    width: 202.7pt;
    border-top-color: #000000;
    border-bottom-style: solid
  }

  .c38 {
    border-right-style: solid;
    border-bottom-color: #000000;
    border-top-width: 0pt;
    border-right-width: 0pt;
    border-left-color: #000000;
    vertical-align: top;
    border-right-color: #000000;
    border-left-width: 0pt;
    border-top-style: solid;
    border-left-style: solid;
    border-bottom-width: 0pt;
    width: 173.3pt;
    border-top-color: #000000;
    border-bottom-style: solid
  }

  .c3 {
    color: #000000;
    font-weight: 400;
    text-decoration: none;
    vertical-align: baseline;
    font-size: 11pt;
    font-family: "Arial";
    font-style: normal
  }

  .c10 {
    color: #000000;
    font-weight: 400;
    text-decoration: none;
    vertical-align: baseline;
    font-size: 10pt;
    font-family: "Arial";
    font-style: normal
  }

  .c6 {
    padding-top: 0pt;
    padding-bottom: 0pt;
    line-height: 1.0;
    orphans: 2;
    widows: 2;
    text-align: center;
    height: 10pt
  }

  .c11 {
    color: #000000;
    font-weight: 400;
    text-decoration: none;
    vertical-align: baseline;
    font-size: 18pt;
    font-family: "Arial";
    font-style: normal
  }

  .c20 {
    color: #000000;
    font-weight: 400;
    text-decoration: none;
    vertical-align: baseline;
    font-size: 11.5pt;
    font-family: "Arial";
    font-style: normal
  }

  .c29 {
    color: #000000;
    font-weight: 400;
    text-decoration: none;
    vertical-align: baseline;
    font-size: 14pt;
    font-family: "Arial";
    font-style: normal
  }

  .c60 {
    color: #000000;
    font-weight: 400;
    text-decoration: none;
    font-size: 11.5pt;
    font-family: "Open Sans";
    font-style: normal
  }

  .c4 {
    padding-top: 0pt;
    padding-bottom: 0pt;
    line-height: 1.0;
    orphans: 2;
    widows: 2;
    text-align: justify
  }

  .c19 {
    padding-top: 0pt;
    padding-bottom: 0pt;
    line-height: 1.0;
    text-align: center
  }

  .c52 {
    margin-left: 0.4pt;
    border-spacing: 0;
    border-collapse: collapse;
    margin-right: auto
  }

  .c17 {
    padding-top: 0pt;
    padding-bottom: 0pt;
    line-height: 1.0;
    text-align: right
  }

  .c15 {
    margin-left: -36.5pt;
    border-spacing: 0;
    border-collapse: collapse;
    margin-right: auto
  }

  .c50 {
    margin-left: -5.4pt;
    border-spacing: 0;
    border-collapse: collapse;
    margin-right: auto
  }

  .c16 {
    padding-top: 0pt;
    padding-bottom: 0pt;
    line-height: 1.15;
    text-align: left
  }

  .c51 {
    font-weight: 400;
    text-decoration: none;
    font-family: "Arial";
    font-style: normal
  }

  .c7 {
    padding-top: 0pt;
    padding-bottom: 0pt;
    line-height: 1.0;
    text-align: left
  }

  .c47 {
    background-color: #ffffff;
    max-width: 474.9pt;
    padding: 35.5pt 63.7pt 36pt 56.7pt
  }

  .c1 {
    vertical-align: baseline;
    font-size: 11pt;
    font-weight: 700
  }

  .c41 {
    -webkit-text-decoration-skip: none;
    text-decoration: underline;
    text-decoration-skip-ink: none
  }

  .c2 {
    vertical-align: baseline;
    font-weight: 700
  }

  .c5 {
    vertical-align: baseline;
    font-size: 11pt
  }

  .c8 {
    orphans: 2;
    widows: 2
  }

  .c9 {
    border: 1px solid black;
    margin: 5px
  }

  .c21 {
    margin-left: 36pt;
    padding-left: 0pt
  }

  .c55 {
    padding: 0;
    margin: 0
  }

  .c49 {
    height: 34.9pt
  }

  .c25 {
    page-break-after: avoid
  }

  .c14 {
    height: 10pt
  }

  .c62 {
    height: 8.9pt
  }

  .c65 {
    font-size: 16pt
  }

  .c54 {
    height: 29pt
  }

  .c39 {
    color: #ff0000
  }

  .c45 {
    height: 171.7pt
  }

  .c23 {
    height: 18.4pt
  }

  .c13 {
    font-style: italic
  }

  .c34 {
    vertical-align: baseline
  }

  .c58 {
    font-size: 14pt
  }

  .c18 {
    font-weight: 700
  }

  .c0 {
    height: 30.1pt
  }

  .c66 {
    font-size: 9pt
  }

  .c42 {
    height: 31.1pt
  }

  .c26 {
    height: 72.3pt
  }

  .c59 {
    height: 18pt
  }

  .c57 {
    font-size: 18pt
  }

  .c24 {
    height: 0pt
  }

  .title {
    padding-top: 24pt;
    color: #000000;
    font-weight: 700;
    font-size: 36pt;
    padding-bottom: 6pt;
    font-family: "Arial";
    line-height: 1.0;
    page-break-after: avoid;
    orphans: 2;
    widows: 2;
    text-align: left
  }

  .subtitle {
    padding-top: 18pt;
    color: #666666;
    font-size: 24pt;
    padding-bottom: 4pt;
    font-family: "Georgia";
    line-height: 1.0;
    page-break-after: avoid;
    font-style: italic;
    orphans: 2;
    widows: 2;
    text-align: left
  }

  li {
    color: #000000;
    font-size: 10pt;
    font-family: "Arial"
  }

  p {
    margin: 0;
    color: #000000;
    font-size: 10pt;
    font-family: "Arial"
  }

  h1 {
    padding-top: 24pt;
    color: #000000;
    font-weight: 700;
    font-size: 24pt;
    padding-bottom: 6pt;
    font-family: "Arial";
    line-height: 1.0;
    page-break-after: avoid;
    orphans: 2;
    widows: 2;
    text-align: left
  }

  h2 {
    padding-top: 18pt;
    color: #000000;
    font-weight: 700;
    font-size: 18pt;
    padding-bottom: 4pt;
    font-family: "Arial";
    line-height: 1.0;
    page-break-after: avoid;
    orphans: 2;
    widows: 2;
    text-align: left
  }

  h3 {
    padding-top: 14pt;
    color: #000000;
    font-weight: 700;
    font-size: 14pt;
    padding-bottom: 4pt;
    font-family: "Arial";
    line-height: 1.0;
    page-break-after: avoid;
    orphans: 2;
    widows: 2;
    text-align: left
  }

  h4 {
    padding-top: 12pt;
    color: #000000;
    font-weight: 700;
    font-size: 12pt;
    padding-bottom: 2pt;
    font-family: "Arial";
    line-height: 1.0;
    page-break-after: avoid;
    orphans: 2;
    widows: 2;
    text-align: left
  }

  h5 {
    padding-top: 11pt;
    color: #000000;
    font-weight: 700;
    font-size: 11pt;
    padding-bottom: 2pt;
    font-family: "Arial";
    line-height: 1.0;
    page-break-after: avoid;
    orphans: 2;
    widows: 2;
    text-align: left
  }

  h6 {
    padding-top: 10pt;
    color: #000000;
    font-weight: 700;
    font-size: 10pt;
    padding-bottom: 2pt;
    font-family: "Arial";
    line-height: 1.0;
    page-break-after: avoid;
    orphans: 2;
    widows: 2;
    text-align: left
  }</style>
</head>
<body class="c47">
<p class="c7 c8 c14"><span class="c10"></span></p>
<p class="c7 c8 c14"><span class="c10"></span></p>
<p class="c7 c8"><span class="c1">To&nbsp;&nbsp;&nbsp;&nbsp;&nbsp;&nbsp;&nbsp;&nbsp;</span><span class="c1">Byron Badger</span></p>
<p class="c7 c8"><span class="c1">&nbsp;&nbsp;&nbsp;&nbsp;&nbsp;&nbsp;&nbsp;&nbsp;&nbsp;&nbsp;&nbsp;&nbsp;<span>A1234</span></span>&nbsp</p>
<p class="c7 c8 c14"><span class="c3"></span></p>
<p class="c19 c8"><span class="c1">Licence Revocation and Recall To Custody</span></p>
<p class="c7 c8 c14"><span class="c3"></span></p>
<p class="c7 c8"><span class="c5">Your licence was revoked on </span><span class="c1">03 Oct 2021</span><span
  class="c3">&nbsp;and you are recalled to custody because you have:</span></p>
<p class="c7 c8 c14"><span class="c3"></span></p>
<p class="c7 c8"><span class="c1">&#9744;&nbsp;&nbsp;&nbsp;&nbsp;&nbsp;&nbsp;&nbsp;&nbsp;Failed to attend appointment(s) with your supervising officer</span>
</p>
<p class="c7 c8"><span class="c1">&#9744;&nbsp;&nbsp;&nbsp;&nbsp;&nbsp;&nbsp;&nbsp;&nbsp;Failed to attend pre-arranged home visit(s)</span>
</p>
<p class="c7 c8"><span
  class="c1">&#9744;&nbsp;&nbsp;&nbsp;&nbsp;&nbsp;&nbsp;&nbsp;&nbsp;Failed to reside as approved</span></p>
<p class="c7 c8"><span class="c1">&#9744;&nbsp;&nbsp;&nbsp;&nbsp;&nbsp;&nbsp;&nbsp;&nbsp;</span><span class="c1">Allegedly committed a further offence</span></p>
<p class="c7 c8"><span class="c1">&#9744;&nbsp;&nbsp;&nbsp;&nbsp;&nbsp;&nbsp;&nbsp;&nbsp;Displayed poor behaviour</span>
</p>
<p class="c7 c8"><span class="c1">&#9744;&nbsp;&nbsp;&nbsp;&nbsp;&nbsp;&nbsp;&nbsp;&nbsp;Other</span></p>
<p class="c7 c8 c14"><span class="c3"></span></p>
<p class="c4"><span class="c3">You will receive more detailed reasons once you have been returned to custody. </span>
</p>
<p class="c4 c14"><span class="c3"></span></p>
<p class="c4"><span class="c5">The police will return you to the nearest prison. &nbsp;When you reach the prison, you must show this letter to the reception officer, and tell the officer your prison number. &nbsp;</span><span
  class="c1">It is in your own interests that the prison is made aware that you are a recalled offender as quickly as possible.</span><span
  class="c3">&nbsp;</span></p>
<p class="c4 c14"><span class="c3"></span></p>
<p class="c4"><span class="c3">You should also ask an officer on the wing, to make sure that prison staff have contacted the Public Protection Casework Section in Her Majesty&rsquo;s Prison &amp; Probation Service, to let them know you are back in custody.</span>
</p>
<p class="c4 c14"><span class="c3"></span></p>
<p class="c4"><span class="c3">The Public Protection Casework Section will send you the following information:</span>
</p>
<p class="c4 c14"><span class="c3"></span></p>
<ul class="c55 lst-kix_list_1-0 start">
  <li class="c4 c21 li-bullet-0"><span class="c3">The recall dossier including confirmation of the reasons why you have been recalled to prison;</span>
  </li>
  <li class="c4 c21 li-bullet-0"><span class="c3">Details of how you can make representations to the Parole Board concerning your suitability for re-release;</span>
  </li>
</ul>
<p class="c4 c14"><span class="c3"></span></p>
<p class="c4"><span class="c5">If you have not received the above information within 5 days of being back in prison, you must ask prison staff to contact the Public Protection Casework Section to check that it has been issued. </span>
<hr style="page-break-before:always;display:none;">
</p>
</body>
</html>