<html>

<head>
  <meta http-equiv=Content-Type content="text/html; charset=utf-8">
  <meta name=Generator content="Microsoft Word 15 (filtered)">

  <style id="dynCom" type="text/css"><!-- --></style>
  <style>
    <!--
    /* Font Definitions */
    @font-face
    {font-family:"Cambria Math";
      panose-1:2 4 5 3 5 4 6 3 2 4;}
    @font-face
    {font-family:Georgia;
      panose-1:2 4 5 2 5 4 5 2 3 3;}
    @font-face
    {font-family:"Noto Sans Symbols";
      panose-1:2 11 6 4 2 2 2 2 2 4;}
    @font-face
    {font-family:"Open Sans";
      panose-1:2 11 6 6 3 5 4 2 2 4;}
    @font-face
    {font-family:"Arial Bold";
      panose-1:2 11 6 4 2 2 2 2 2 4;}
    @font-face
    {font-family:Tahoma;
      panose-1:2 11 6 4 3 5 4 4 2 4;}
    @font-face
    {font-family:Times;
      panose-1:0 0 5 0 0 0 0 2 0 0;}
    @font-face
    {font-family:Univers;
      panose-1:2 11 5 3 2 2 2 2 2 4;}
    /* Style Definitions */
    p.MsoNormal, li.MsoNormal, div.MsoNormal
    {margin-top:0cm;
      margin-right:0cm;
      margin-bottom:0cm;
      margin-left:-.05pt;
      text-indent:-.05pt;
      line-height:14.0pt;
      font-size:11.0pt;
      font-family:"Arial",sans-serif;
      position:relative;
      top:.5pt;}
    .MsoChpDefault
    {font-size:11.0pt;
      font-family:"Arial",sans-serif;}
    /* Page Definitions */
    div.WordSection1
    {margin:0pt 42.55pt 35.95pt 90.7pt;}
    /* List Definitions */
    ol
    {margin-bottom:0cm;}
    ul
    {margin-bottom:0cm;}
    -->
  </style>

</head>

<body lang=EN-GB style='word-wrap:break-word'>

<div class=WordSection1>

  <p class=MsoNormal style='margin-left:0cm;text-indent:-.1pt'>&nbsp;</p>

  <table class=a0 border=1 cellspacing=0 cellpadding=0 width=726
         style='margin-left:-65.2pt;border-collapse:collapse;border:none'>
    <tr style='height:68.05pt'>
      <td width=389 colspan=2 valign=top style='width:291.85pt;border:solid white 1.0pt;
  padding:0cm 5.4pt 0cm 5.4pt;height:68.05pt'>
        <p class=MsoNormal style='margin-left:0cm;text-indent:-.1pt;line-height:normal;
  border:none'><span style='color:black'><img width=187 height=82 src="hmpps-logo.png"></span></p>
      </td>
      <td width=16 valign=top style='width:11.8pt;border:solid white 1.0pt;
  border-left:none;padding:0cm 5.4pt 0cm 5.4pt;height:68.05pt'>
        <p class=MsoNormal style='margin-left:0cm;text-indent:-.1pt;line-height:normal;
  border:none'><span style='color:black'>&nbsp;</span></p>
      </td>
      <td width=322 colspan=2 rowspan=4 valign=top style='width:241.2pt;border:
  solid white 1.0pt;border-left:none;padding:0cm 5.4pt 0cm 5.4pt;height:68.05pt'>
        <p class=MsoNormal align=right style='margin-left:0cm;text-align:right;
  text-indent:-.1pt'><b><span style='font-size:10.0pt;color:black'>Her Majesty’s Prison &amp; Probation Service</span></b></p>
        <p class=MsoNormal align=right style='margin-left:0cm;text-align:right;
  text-indent:-.1pt'><span style='font-size:10.0pt'>Public Protection Group</span></p>
        <p class=MsoNormal align=right style='margin-left:0cm;text-align:right;
  text-indent:-.1pt'><span style='font-size:10.0pt'>Public Protection Casework Section</span></p>
        <p class=MsoNormal align=right style='margin-left:0cm;text-align:right;
  text-indent:-.1pt'><span style='font-size:10.0pt'>15th Floor, Southern House </span></p>
        <p class=MsoNormal align=right style='margin-left:0cm;text-align:right;
  text-indent:-.1pt'><span style='font-size:10.0pt'>Wellesley Grove </span></p>
        <p class=MsoNormal align=right style='margin-left:0cm;text-align:right;
  text-indent:-.1pt'><span style='font-size:10.0pt'>Croydon</span></p>
        <p class=MsoNormal align=right style='margin-left:0cm;text-align:right;
  text-indent:-.1pt'><span style='font-size:10.0pt'>CR0 1XG</span></p>
        <p class=MsoNormal align=right style='margin-left:0cm;text-align:right;
  text-indent:-.1pt'><span style='font-size:10.0pt'>&nbsp;</span></p>
        <p class=MsoNormal align=right style='margin-left:0cm;text-align:right;
  text-indent:-.1pt'><span style='font-size:10.0pt'>HM Prison &amp; Probation Service (<i>PPCS</i>)</span></p>
        <p class=MsoNormal align=right style='margin-left:0cm;text-align:right;
  text-indent:-.1pt'><span style='font-size:10.0pt'>DX 330701, Croydon 52</span></p>
        <p class=MsoNormal align=right style='margin-left:0cm;text-align:right;
  text-indent:-.1pt'><span style='font-size:10.0pt'>&nbsp;</span></p>
        <p class=MsoNormal align=right style='margin-left:0cm;text-align:right;
  text-indent:-.1pt'><span style='font-size:10.0pt'>&nbsp;</span></p>
        <p class=MsoNormal align=right style='margin-left:0cm;text-align:right;
  text-indent:-.1pt'><b><span style='font-size:10.0pt'>Team: <span>Recall Team</span></span></b></p>
        <p class=MsoNormal align=right style='margin-left:0cm;text-align:right;
  text-indent:-.1pt'><b><span style='font-size:10.0pt'>T</span></b><span style='font-size:10.0pt'>: <span>N/K</span></span></p>
        <p class=MsoNormal align=right style='margin-left:0cm;text-align:right;
  text-indent:-.1pt'>&nbsp;</p>
        <p class=MsoNormal align=right style='margin-left:0cm;text-align:right;
  text-indent:-.1pt;line-height:normal;border:none'><b><span style='font-size:
  8.5pt;color:black'>www.justice.gov.uk</span></b></p>
      </td>
    </tr>
    <tr style='height:8.5pt'>
      <td width=81 valign=top style='width:60.95pt;border:solid white 1.0pt;
  border-top:none;padding:0cm 5.4pt 0cm 5.4pt;height:8.5pt'>
        <p class=MsoNormal style='margin-left:0cm;text-indent:-.1pt;line-height:normal;
  border:none'><span style='font-size:8.5pt;color:black'>&nbsp;</span></p>
      </td>
      <td width=308 valign=top style='width:230.9pt;border-top:none;border-left:
  none;border-bottom:solid white 1.0pt;border-right:solid white 1.0pt;
  padding:0cm 5.4pt 0cm 5.4pt;height:8.5pt'>
        <p class=MsoNormal style='margin-left:0cm;text-indent:-.1pt;line-height:normal;
  border:none'><span style='font-size:8.5pt;color:black'>&nbsp;</span></p>
      </td>
      <td width=16 valign=top style='width:11.8pt;border-top:none;border-left:none;
  border-bottom:solid white 1.0pt;border-right:solid white 1.0pt;padding:0cm 5.4pt 0cm 5.4pt;
  height:8.5pt'>
        <p class=MsoNormal style='margin-left:0cm;text-indent:-.1pt;line-height:normal;
  border:none'><span style='font-size:8.5pt;color:black'>&nbsp;</span></p>
      </td>
    </tr>
    <tr style='height:1.0cm'>
      <td width=81 valign=top style='width:60.95pt;border:solid white 1.0pt;
  border-top:none;padding:0cm 5.4pt 0cm 5.4pt;height:1.0cm'>
        <p class=MsoNormal style='margin-left:0cm;text-indent:-.1pt;line-height:normal;
  border:none'><span style='color:black'>&nbsp;</span></p>
      </td>
      <td width=308 valign=top style='width:230.9pt;border-top:none;border-left:
  none;border-bottom:solid white 1.0pt;border-right:solid white 1.0pt;
  padding:0cm 5.4pt 0cm 5.4pt;height:1.0cm'>
        <p class=MsoNormal style='margin-left:0cm;text-indent:-.1pt;line-height:normal;
  border:none'><span style='color:black'>For recall team 1 cases e-mail:</span></p>
        <p class=MsoNormal style='margin-left:0cm;text-indent:-.1pt;line-height:normal;
  border:none'><b><span style='color:black'>recall1@justice.gov.uk</span></b></p>
      </td>
      <td width=16 valign=top style='width:11.8pt;border-top:none;border-left:none;
  border-bottom:solid white 1.0pt;border-right:solid white 1.0pt;padding:0cm 5.4pt 0cm 5.4pt;
  height:1.0cm'>
        <p class=MsoNormal style='margin-left:0cm;text-indent:-.1pt;line-height:normal;
  border:none'><span style='color:black'>&nbsp;</span></p>
      </td>
    </tr>
    <tr style='height:1.0cm'>
      <td width=81 valign=top style='width:60.95pt;border:solid white 1.0pt;
  border-top:none;padding:0cm 5.4pt 0cm 5.4pt;height:1.0cm'>
        <p class=MsoNormal style='margin-left:0cm;text-indent:-.1pt;line-height:normal;
  border:none'><span style='color:black'>&nbsp;</span></p>
      </td>
      <td width=308 valign=top style='width:230.9pt;border-top:none;border-left:
  none;border-bottom:solid white 1.0pt;border-right:solid white 1.0pt;
  padding:0cm 5.4pt 0cm 5.4pt;height:1.0cm'>
        <p class=MsoNormal style='margin-left:0cm;text-indent:-.1pt;line-height:normal;
  border:none'><span style='color:black'>For recall team 2 cases e-mail:</span></p>
        <p class=MsoNormal style='margin-left:0cm;text-indent:-.1pt;line-height:normal;
  border:none'><b><span style='color:black'>recall2@justice.gov.uk</span></b></p>
      </td>
      <td width=16 valign=top style='width:11.8pt;border-top:none;border-left:none;
  border-bottom:solid white 1.0pt;border-right:solid white 1.0pt;padding:0cm 5.4pt 0cm 5.4pt;
  height:1.0cm'>
        <p class=MsoNormal style='margin-left:0cm;text-indent:-.1pt;line-height:normal;
  border:none'><span style='color:black'>&nbsp;</span></p>
      </td>
    </tr>
    <tr style='height:1.0cm'>
      <td width=81 valign=top style='width:60.95pt;border:solid white 1.0pt;
  border-top:none;padding:0cm 5.4pt 0cm 5.4pt;height:1.0cm'>
        <p class=MsoNormal style='margin-left:0cm;text-indent:-.1pt;line-height:normal;
  border:none'><span style='color:black'>&nbsp;</span></p>
      </td>
      <td width=308 valign=top style='width:230.9pt;border-top:none;border-left:
  none;border-bottom:solid white 1.0pt;border-right:solid white 1.0pt;
  padding:0cm 5.4pt 0cm 5.4pt;height:1.0cm'>
        <p class=MsoNormal style='margin-left:0cm;text-indent:-.1pt;line-height:normal;
  border:none'><span style='color:black'>&nbsp;</span></p>
        <p class=MsoNormal style='margin-left:0cm;text-indent:-.1pt;line-height:normal;
  border:none'><span style='color:black'>&nbsp;</span></p>
        <p class=MsoNormal style='margin-left:0cm;text-indent:-.1pt;line-height:normal;
  border:none'><span style='color:black'>&nbsp;</span></p>
        <p class=MsoNormal style='margin-left:0cm;text-indent:-.1pt;line-height:normal;
  border:none'><span style='color:black'> </span></p>
      </td>
      <td width=110 colspan=2 valign=top style='width:82.35pt;border-top:none;
  border-left:none;border-bottom:solid white 1.0pt;border-right:solid white 1.0pt;
  padding:0cm 5.4pt 0cm 5.4pt;height:1.0cm'>
        <p class=MsoNormal style='margin-left:0cm;text-indent:-.1pt;line-height:normal;
  border:none'><span style='color:black'>&nbsp;</span></p>
      </td>
      <td width=228 valign=top style='width:170.65pt;border-top:none;border-left:
  none;border-bottom:solid white 1.0pt;border-right:solid white 1.0pt;
  padding:0cm 5.4pt 0cm 5.4pt;height:1.0cm'>
        <p class=MsoNormal style='margin-left:0cm;text-indent:-.1pt;line-height:normal;
  border:none'><span style='color:black'>&nbsp;</span></p>
        <p class=MsoNormal align=right style='margin-left:0cm;text-align:right;
  text-indent:-.1pt;line-height:normal;border:none'>04 Oct 2021</p>
      </td>
    </tr>
    <tr height=0>
      <td width=81 style='border:none'></td>
      <td width=308 style='border:none'></td>
      <td width=16 style='border:none'></td>
      <td width=94 style='border:none'></td>
      <td width=228 style='border:none'></td>
    </tr>
  </table>

  <p class=MsoNormal style='margin-left:0cm;text-align:justify;text-indent:-.1pt'><span style='font-size:10.5pt;color:white'>                        </span></p>

  <p class=MsoNormal align=center style='margin-left:.05pt;text-align:center;
text-indent:-.15pt'><b><u><span style='font-size:17.0pt'>STANDARD RECALL</span></u></b></p>

  <p class=MsoNormal style='margin-left:0cm;text-align:justify;text-indent:-.1pt'><span
    style='font-size:10.5pt'>                                     </span></p>

  <p class=MsoNormal style='margin-left:0cm;text-indent:-.1pt'><span
    style='font-size:10.5pt'>                                     </span></p>

  <p class=MsoNormal style='margin-left:0cm;text-align:justify;text-indent:-.1pt'><b>To:</b>The Governor </p>

  <p class=MsoNormal style='margin-left:0cm;text-align:justify;text-indent:-.1pt'>Prison A</p>

  <p class=MsoNormal style='margin-left:0cm;text-align:justify;text-indent:-.1pt'>&nbsp;</p>

  <p class=MsoNormal align=center style='margin-left:0cm;text-align:center;
text-indent:-.1pt'><b>RECALL TO PRISON OF: <span>Billie Badger</span></b></p>

  <p class=MsoNormal align=right style='margin-left:0cm;text-align:right;
text-indent:-.1pt'>&nbsp;</p>

  <p class=MsoNormal style='margin-left:0cm;text-indent:-.1pt'><b>PRISON NUMBER</b>: <span>B1234</span></p>

  <p class=MsoNormal style='margin-left:0cm;text-indent:-.1pt'>&nbsp;</p>

  <p class=MsoNormal style='margin-left:0cm;text-indent:-.1pt'><b>RELEASED ON LICENCE</b>: <span>01 Oct 2020</span></p>

  <p class=MsoNormal style='margin-left:0cm;text-align:justify;text-indent:-.1pt'>&nbsp;</p>

  <p class=MsoNormal style='margin-left:0cm;text-indent:-.1pt'><b>RELEASING PRISON</b>: <span>Prison B</span></p>

  <p class=MsoNormal style='margin-left:0cm;text-align:justify;text-indent:-.1pt'>&nbsp;</p>

  <p class=MsoNormal style='margin-left:0cm;text-indent:-.1pt'>&nbsp;</p>

  <p class=MsoNormal style='margin-left:0cm;text-indent:-.1pt'><b><u>Please ensure all records are held under the original prison number.</u></b></p>

  <p class=MsoNormal style='margin-left:0cm;text-indent:-.1pt'><span style='text-decoration:none'>&nbsp;</span></p>

<div>
  <p class="MsoNormal"><span class="c31">Note: It is imperative that Parts 1, 2 &amp; 3 of Annex G are completed, scanned and returned by e-mail to Public Protection Casework Section, Public Protection Group no later than </span><span
    class="c38 c31"><u>5 working days</u></span><span class="c7">&nbsp;from the date of this letter. </span></p>

  <p class=MsoNormal style='margin-left:0cm;text-indent:-.1pt'><span style='text-decoration:none'>&nbsp;</span></p>
</div>

  <p class=MsoNormal style='margin-left:0cm;text-align:justify;text-indent:-.1pt'><b><u>DOCUMENTS</u></b></p>

  <p class=MsoNormal style='margin-left:0cm;text-align:justify;text-indent:-.1pt'><span style='text-decoration:none'>&nbsp;</span></p>

  <p class=MsoNormal style='margin-left:0cm;text-align:justify;text-indent:-.1pt;
line-height:normal'><span dir=LTR></span>The following documents are enclosed:</p>


<div>
  <p class=MsoNormal style='margin-left:0cm;text-align:justify;text-indent:-.1pt;
line-height:normal;border:none'><span style='font-family:"Noto Sans Symbols";
color:black'>●<span style='font:7.0pt "Times New Roman"'>&nbsp;&nbsp;&nbsp;</span></span><span dir=LTR></span>
    <span style='color:black'>Part 1 – Form outlining the offender’s intention to make representations</span></p>

  <p class=MsoNormal style='margin-left:0cm;text-align:justify;text-indent:-.1pt;
line-height:normal;border:none'><span style='font-family:"Noto Sans Symbols";
color:black'>●<span style='font:7.0pt "Times New Roman"'>&nbsp;&nbsp;&nbsp;</span></span><span dir=LTR></span>
    <span style='color:black'>Part 2 – Acknowledgement slip</span></p>

  <p class=MsoNormal style='margin-left:0cm;text-align:justify;text-indent:-.1pt;
line-height:normal;border:none'><span style='font-family:"Noto Sans Symbols";
color:black'>●<span style='font:7.0pt "Times New Roman"'>&nbsp;&nbsp;&nbsp;</span></span><span dir=LTR></span>
    <span style='color:black'>Part 3 – Form requesting current sentence details</span></p>
</div>
  <p class=MsoNormal style='margin-left:0cm;text-align:justify;text-indent:-.1pt; line-height:normal;border:none'><span style='font-family:"Noto Sans Symbols"; color:black'>●<span style='font:7.0pt "Times New Roman"'>&nbsp;&nbsp;&nbsp;</span></span><span dir=LTR></span>
    <span style='color:black'>A copy of the Recall Dossier</span></p>

  <p class=MsoNormal style='margin-left:0cm;text-align:justify;text-indent:-.1pt'><span style='text-decoration:none'>&nbsp;</span></p>

  <p class=MsoNormal style='margin-left:0cm;text-align:justify;text-indent:-.1pt'><span style='text-decoration:none'>&nbsp;</span></p>

  <p class=MsoNormal style='margin-left:0cm;text-align:justify;text-indent:-.1pt'><b><u>GUIDANCE</u></b></p>

  <p class=MsoNormal style='margin-left:0cm;text-align:justify;text-indent:-.1pt'><span style='text-decoration:none'>&nbsp;</span></p>

  <p class=MsoNormal style='margin-left:0cm;text-align:justify;text-indent:-.1pt;
line-height:normal'><span dir=LTR></span>If you have any queries that are not answered by
    the contents of this letter, please telephone the Public Protection Casework
    Section, and Public Protection Group on the number at the top of this page.</p>

  <p class=MsoNormal style='margin-left:0cm;text-align:justify;text-indent:-.1pt'><span style='text-decoration:none'>&nbsp;</span></p>

  <p class=MsoNormal style='margin-left:0cm;text-align:justify;text-indent:-.1pt'><span style='text-decoration:none'>&nbsp;</span></p>

  <p class=MsoNormal style='margin-left:0cm;text-align:justify;text-indent:-.1pt'><b><u>ACTION</u></b></p>

  <p class=MsoNormal style='margin-left:0cm;text-align:justify;text-indent:-.1pt'>&nbsp;</p>

  <p class=MsoNormal style='margin-left:0cm;text-align:justify;text-indent:-.1pt;
line-height:normal'><span dir=LTR></span>Please see the offender <u>within one working day</u> and do the following: </p>

  <p class=MsoNormal style='margin-left:0cm;text-align:justify;text-indent:-.1pt;
line-height:normal'>●<span style='font:7.0pt "Times New Roman"'>&nbsp;&nbsp;&nbsp;
</span></span><span dir=LTR></span><span style='color:black'>Give the
offender a copy of the Recall Dossier.  Please ensure the offender fully
understands the contents and reason for recall.</span></p>

  <p class=MsoNormal style='margin-left:0cm;text-align:justify;text-indent:-.1pt;
line-height:normal'>●<span style='font:7.0pt "Times New Roman"'>&nbsp;&nbsp;&nbsp;
</span><span dir=LTR></span>Inform the offender that they have been recalled
    under Section 254 of the Criminal Justice Act 2003, as amended, which means
    that they 
<span>are liable to remain in custody until their sentence expiry date, unless re-released earlier by the Parole Board or Secretary of State. </span>
  </p>

  <p class=MsoNormal style='margin-left:0cm;text-align:justify;text-indent:-.1pt;
line-height:normal'>●<span style='font:7.0pt "Times New Roman"'>&nbsp;&nbsp;&nbsp;
</span><span dir=LTR></span>Inform the offender that they have the right to
    make written representations for consideration by the Parole Board.</p>

  <p class=MsoNormal style='margin-left:0cm;text-align:justify;text-indent:-.1pt'>&nbsp;</p>

  <p class=MsoNormal style='margin-left:0cm;text-align:justify;text-indent:-.1pt'><b><u>REPRESENTATIONS</u></b></p>

  <p class=MsoNormal style='margin-left:0cm;text-align:justify;text-indent:-.1pt'>&nbsp;</p>

  <p class=MsoNormal style='margin-left:0cm;text-align:justify;text-indent:-.1pt'>
    <span dir=LTR></span>The offender should be asked whether they wish
    to make written representations and if they wish to do so they should then be
    asked to sign the form at Part 1.
<span> If the offender does not wish to make written representations, they must still be asked to sign the form at Part 1 to that effect. </span>
    <b>
       Part 1 <i>must</i> be returned to the Public Protection
      Casework Section, Public Protection Group within
    <u>
      
      <span>5</span>
      working days
    </u> of the
      date of this letter.</b> </p>

  <p class=MsoNormal style='margin-left:0cm;text-align:justify;text-indent:-.1pt'>&nbsp;</p>

  <p class=MsoNormal style='margin-left:0cm;text-align:justify;text-indent:-.1pt;
line-height:normal'>If the offender wishes to make representations,
    please provide sufficient lined white foolscap paper for this purpose. The
    offender should write in <u>black</u> ink (to facilitate subsequent scanning)
    and use only <b><u>one side</u></b> of each sheet. Do <b><u>not</u></b> censor
    the representations in any way.</p>

  <p class=MsoNormal style='margin-left:0cm;text-align:justify;text-indent:-.1pt;
line-height:normal'>&nbsp;</p>

  <p class=MsoNormal style='margin-left:0cm;text-align:justify;text-indent:-.1pt'>If
    the offender wishes to make representations via their legal representative or
    a third party, please ensure that they are aware that the representations must
    be made via the Public Protection Casework Section, and Public Protection
    Group. </p>

  <p class=MsoNormal style='margin-left:0cm;text-align:justify;text-indent:-.1pt'>&nbsp;</p>

  <p class=MsoNormal style='margin-left:0cm;text-align:justify;text-indent:-.1pt;
line-height:normal'><span dir=LTR></span><b>Any representations must be scanned and e-mailed
    to the Public Protection Casework Section, Public Protection Group, no later
    than

<span>10 working </span>
    days from the date the offender returned to custody.</b></p>

  <p class=MsoNormal style='margin-left:0cm;text-align:justify;text-indent:-.1pt;
line-height:normal;border:none'><span style='color:black'>&nbsp;</span></p>
</div>

</body>

</html>
