<html>
<head>
  <meta content="text/html; charset=UTF-8" http-equiv="content-type">
  <style
    type="text/css">@import url('https://themes.googleusercontent.com/fonts/css?kit=iMc4-4exjgqA-toZgqqJBf35jAjY-31lSKWZb9Fa77M');

  .lst-kix_pnmh7whitv6-7 > li:before {
    content: "o  "
  }

  .lst-kix_pnmh7whitv6-8 > li:before {
    content: "\0025aa  "
  }

  .lst-kix_pnmh7whitv6-5 > li:before {
    content: "\0025aa  "
  }

  .lst-kix_pnmh7whitv6-6 > li:before {
    content: "\0025cf  "
  }

  .lst-kix_9bhkmat180vs-8 > li {
    counter-increment: lst-ctn-kix_9bhkmat180vs-8
  }

  .lst-kix_fp2xi75y4bck-2 > li {
    counter-increment: lst-ctn-kix_fp2xi75y4bck-2
  }

  .lst-kix_lef8232oypvk-6 > li {
    counter-increment: lst-ctn-kix_lef8232oypvk-6
  }

  .lst-kix_9u48j05naszi-0 > li {
    counter-increment: lst-ctn-kix_9u48j05naszi-0
  }

  .lst-kix_vyk6mr5mgybu-2 > li {
    counter-increment: lst-ctn-kix_vyk6mr5mgybu-2
  }

  .lst-kix_pnmh7whitv6-1 > li:before {
    content: "o  "
  }

  .lst-kix_pnmh7whitv6-0 > li:before {
    content: "\0025cf  "
  }

  .lst-kix_pnmh7whitv6-4 > li:before {
    content: "o  "
  }

  .lst-kix_pnmh7whitv6-3 > li:before {
    content: "\0025cf  "
  }

  .lst-kix_pnmh7whitv6-2 > li:before {
    content: "\0025aa  "
  }

  .lst-kix_us542dvi88a2-2 > li {
    counter-increment: lst-ctn-kix_us542dvi88a2-2
  }

  .lst-kix_sdes54k3d1dz-7 > li {
    counter-increment: lst-ctn-kix_sdes54k3d1dz-7
  }

  .lst-kix_vyk6mr5mgybu-6 > li {
    counter-increment: lst-ctn-kix_vyk6mr5mgybu-6
  }

  .lst-kix_9bhkmat180vs-4 > li {
    counter-increment: lst-ctn-kix_9bhkmat180vs-4
  }

  .lst-kix_sdes54k3d1dz-0 > li {
    counter-increment: lst-ctn-kix_sdes54k3d1dz-0
  }

  .lst-kix_lef8232oypvk-2 > li {
    counter-increment: lst-ctn-kix_lef8232oypvk-2
  }

  .lst-kix_9u48j05naszi-4 > li {
    counter-increment: lst-ctn-kix_9u48j05naszi-4
  }

  .lst-kix_ado76rvptis3-0 > li {
    counter-increment: lst-ctn-kix_ado76rvptis3-0
  }

  .lst-kix_9u48j05naszi-7 > li {
    counter-increment: lst-ctn-kix_9u48j05naszi-7
  }

  .lst-kix_8mr05em9xgug-0 > li:before {
    content: "" counter(lst-ctn-kix_8mr05em9xgug-0, decimal) ". "
  }

  .lst-kix_8mr05em9xgug-2 > li:before {
    content: "" counter(lst-ctn-kix_8mr05em9xgug-2, lower-roman) ". "
  }

  .lst-kix_ado76rvptis3-7 > li {
    counter-increment: lst-ctn-kix_ado76rvptis3-7
  }

  .lst-kix_sdes54k3d1dz-5 > li:before {
    content: "" counter(lst-ctn-kix_sdes54k3d1dz-5, lower-roman) ". "
  }

  .lst-kix_8mr05em9xgug-6 > li:before {
    content: "" counter(lst-ctn-kix_8mr05em9xgug-6, decimal) ". "
  }

  .lst-kix_sdes54k3d1dz-3 > li:before {
    content: "" counter(lst-ctn-kix_sdes54k3d1dz-3, decimal) ". "
  }

  .lst-kix_8mr05em9xgug-4 > li:before {
    content: "" counter(lst-ctn-kix_8mr05em9xgug-4, lower-latin) ". "
  }

  .lst-kix_8mr05em9xgug-8 > li:before {
    content: "" counter(lst-ctn-kix_8mr05em9xgug-8, lower-roman) ". "
  }

  .lst-kix_9bhkmat180vs-1 > li {
    counter-increment: lst-ctn-kix_9bhkmat180vs-1
  }

  .lst-kix_sdes54k3d1dz-1 > li:before {
    content: "" counter(lst-ctn-kix_sdes54k3d1dz-1, lower-latin) ". "
  }

  .lst-kix_ado76rvptis3-8 > li {
    counter-increment: lst-ctn-kix_ado76rvptis3-8
  }

  .lst-kix_sdes54k3d1dz-3 > li {
    counter-increment: lst-ctn-kix_sdes54k3d1dz-3
  }

  .lst-kix_1d6hdcdeqvp0-7 > li {
    counter-increment: lst-ctn-kix_1d6hdcdeqvp0-7
  }

  .lst-kix_8mr05em9xgug-2 > li {
    counter-increment: lst-ctn-kix_8mr05em9xgug-2
  }

  .lst-kix_fp2xi75y4bck-6 > li {
    counter-increment: lst-ctn-kix_fp2xi75y4bck-6
  }

  .lst-kix_sdes54k3d1dz-7 > li:before {
    content: "" counter(lst-ctn-kix_sdes54k3d1dz-7, lower-latin) ". "
  }

  .lst-kix_lef8232oypvk-3 > li {
    counter-increment: lst-ctn-kix_lef8232oypvk-3
  }

  .lst-kix_8mr05em9xgug-1 > li {
    counter-increment: lst-ctn-kix_8mr05em9xgug-1
  }

  .lst-kix_lef8232oypvk-1 > li:before {
    content: "" counter(lst-ctn-kix_lef8232oypvk-1, decimal) ". "
  }

  .lst-kix_lef8232oypvk-5 > li:before {
    content: "" counter(lst-ctn-kix_lef8232oypvk-5, lower-roman) ". "
  }

  .lst-kix_lef8232oypvk-3 > li:before {
    content: "" counter(lst-ctn-kix_lef8232oypvk-3, decimal) ". "
  }

  .lst-kix_lef8232oypvk-7 > li:before {
    content: "" counter(lst-ctn-kix_lef8232oypvk-7, lower-latin) ". "
  }

  .lst-kix_1d6hdcdeqvp0-7 > li:before {
    content: "" counter(lst-ctn-kix_1d6hdcdeqvp0-7, lower-latin) ". "
  }

  .lst-kix_1d6hdcdeqvp0-5 > li:before {
    content: "" counter(lst-ctn-kix_1d6hdcdeqvp0-5, lower-roman) ". "
  }

  .lst-kix_9bhkmat180vs-0 > li {
    counter-increment: lst-ctn-kix_9bhkmat180vs-0
  }

  .lst-kix_1d6hdcdeqvp0-3 > li:before {
    content: "" counter(lst-ctn-kix_1d6hdcdeqvp0-3, decimal) ". "
  }

  .lst-kix_sdes54k3d1dz-8 > li {
    counter-increment: lst-ctn-kix_sdes54k3d1dz-8
  }

  .lst-kix_1d6hdcdeqvp0-1 > li:before {
    content: "" counter(lst-ctn-kix_1d6hdcdeqvp0-1, lower-latin) ". "
  }

  .lst-kix_1d6hdcdeqvp0-0 > li {
    counter-increment: lst-ctn-kix_1d6hdcdeqvp0-0
  }

  .lst-kix_9bhkmat180vs-7 > li {
    counter-increment: lst-ctn-kix_9bhkmat180vs-7
  }

  .lst-kix_vyk6mr5mgybu-3 > li {
    counter-increment: lst-ctn-kix_vyk6mr5mgybu-3
  }

  .lst-kix_vyk6mr5mgybu-5 > li {
    counter-increment: lst-ctn-kix_vyk6mr5mgybu-5
  }

  .lst-kix_fp2xi75y4bck-3 > li {
    counter-increment: lst-ctn-kix_fp2xi75y4bck-3
  }

  .lst-kix_us542dvi88a2-1 > li:before {
    content: "" counter(lst-ctn-kix_us542dvi88a2-1, lower-latin) ". "
  }

  .lst-kix_8mr05em9xgug-8 > li {
    counter-increment: lst-ctn-kix_8mr05em9xgug-8
  }

  .lst-kix_us542dvi88a2-2 > li:before {
    content: "" counter(lst-ctn-kix_us542dvi88a2-2, lower-roman) ". "
  }

  .lst-kix_ado76rvptis3-2 > li:before {
    content: "" counter(lst-ctn-kix_ado76rvptis3-2, lower-roman) ". "
  }

  .lst-kix_ado76rvptis3-1 > li:before {
    content: "" counter(lst-ctn-kix_ado76rvptis3-1, lower-latin) ". "
  }

  .lst-kix_us542dvi88a2-5 > li:before {
    content: "" counter(lst-ctn-kix_us542dvi88a2-5, lower-roman) ". "
  }

  .lst-kix_us542dvi88a2-6 > li:before {
    content: "" counter(lst-ctn-kix_us542dvi88a2-6, decimal) ". "
  }

  .lst-kix_ado76rvptis3-6 > li:before {
    content: "" counter(lst-ctn-kix_ado76rvptis3-6, decimal) ". "
  }

  .lst-kix_ado76rvptis3-5 > li:before {
    content: "" counter(lst-ctn-kix_ado76rvptis3-5, lower-roman) ". "
  }

  .lst-kix_fp2xi75y4bck-5 > li {
    counter-increment: lst-ctn-kix_fp2xi75y4bck-5
  }

  .lst-kix_ado76rvptis3-3 > li {
    counter-increment: lst-ctn-kix_ado76rvptis3-3
  }

  .lst-kix_vyk6mr5mgybu-8 > li:before {
    content: "" counter(lst-ctn-kix_vyk6mr5mgybu-8, lower-roman) ". "
  }

  .lst-kix_sdes54k3d1dz-4 > li:before {
    content: "" counter(lst-ctn-kix_sdes54k3d1dz-4, lower-latin) ". "
  }

  .lst-kix_us542dvi88a2-5 > li {
    counter-increment: lst-ctn-kix_us542dvi88a2-5
  }

  .lst-kix_8mr05em9xgug-3 > li:before {
    content: "" counter(lst-ctn-kix_8mr05em9xgug-3, decimal) ". "
  }

  .lst-kix_8mr05em9xgug-3 > li {
    counter-increment: lst-ctn-kix_8mr05em9xgug-3
  }

  .lst-kix_sdes54k3d1dz-0 > li:before {
    content: "" counter(lst-ctn-kix_sdes54k3d1dz-0, decimal) ". "
  }

  .lst-kix_8mr05em9xgug-7 > li:before {
    content: "" counter(lst-ctn-kix_8mr05em9xgug-7, lower-latin) ". "
  }

  .lst-kix_1d6hdcdeqvp0-4 > li {
    counter-increment: lst-ctn-kix_1d6hdcdeqvp0-4
  }

  .lst-kix_1d6hdcdeqvp0-8 > li:before {
    content: "" counter(lst-ctn-kix_1d6hdcdeqvp0-8, lower-roman) ". "
  }

  .lst-kix_8mr05em9xgug-5 > li {
    counter-increment: lst-ctn-kix_8mr05em9xgug-5
  }

  .lst-kix_9u48j05naszi-1 > li:before {
    content: "" counter(lst-ctn-kix_9u48j05naszi-1, lower-latin) ". "
  }

  .lst-kix_vyk6mr5mgybu-0 > li:before {
    content: "" counter(lst-ctn-kix_vyk6mr5mgybu-0, lower-latin) ". "
  }

  .lst-kix_9bhkmat180vs-2 > li {
    counter-increment: lst-ctn-kix_9bhkmat180vs-2
  }

  .lst-kix_lef8232oypvk-0 > li:before {
    content: "" counter(lst-ctn-kix_lef8232oypvk-0, decimal) ". "
  }

  .lst-kix_vyk6mr5mgybu-4 > li:before {
    content: "" counter(lst-ctn-kix_vyk6mr5mgybu-4, lower-latin) ". "
  }

  .lst-kix_lef8232oypvk-1 > li {
    counter-increment: lst-ctn-kix_lef8232oypvk-1
  }

  .lst-kix_sdes54k3d1dz-8 > li:before {
    content: "" counter(lst-ctn-kix_sdes54k3d1dz-8, lower-roman) ". "
  }

  .lst-kix_lef8232oypvk-4 > li:before {
    content: "" counter(lst-ctn-kix_lef8232oypvk-4, lower-latin) ". "
  }

  .lst-kix_9u48j05naszi-2 > li {
    counter-increment: lst-ctn-kix_9u48j05naszi-2
  }

  .lst-kix_lef8232oypvk-8 > li:before {
    content: "" counter(lst-ctn-kix_lef8232oypvk-8, lower-roman) ". "
  }

  .lst-kix_ado76rvptis3-5 > li {
    counter-increment: lst-ctn-kix_ado76rvptis3-5
  }

  .lst-kix_9u48j05naszi-5 > li:before {
    content: "" counter(lst-ctn-kix_9u48j05naszi-5, lower-roman) ". "
  }

  .lst-kix_9bhkmat180vs-0 > li:before {
    content: "" counter(lst-ctn-kix_9bhkmat180vs-0, decimal) ". "
  }

  .lst-kix_us542dvi88a2-0 > li {
    counter-increment: lst-ctn-kix_us542dvi88a2-0
  }

  .lst-kix_7p7yh5e27r3-2 > li:before {
    content: "\0025a0  "
  }

  .lst-kix_7p7yh5e27r3-6 > li:before {
    content: "\0025cf  "
  }

  .lst-kix_9bhkmat180vs-4 > li:before {
    content: "" counter(lst-ctn-kix_9bhkmat180vs-4, lower-latin) ". "
  }

  .lst-kix_1d6hdcdeqvp0-4 > li:before {
    content: "" counter(lst-ctn-kix_1d6hdcdeqvp0-4, lower-latin) ". "
  }

  .lst-kix_9bhkmat180vs-8 > li:before {
    content: "" counter(lst-ctn-kix_9bhkmat180vs-8, lower-roman) ". "
  }

  .lst-kix_1d6hdcdeqvp0-0 > li:before {
    content: "" counter(lst-ctn-kix_1d6hdcdeqvp0-0, decimal) ". "
  }

  .lst-kix_sdes54k3d1dz-5 > li {
    counter-increment: lst-ctn-kix_sdes54k3d1dz-5
  }

  .lst-kix_ado76rvptis3-2 > li {
    counter-increment: lst-ctn-kix_ado76rvptis3-2
  }

  .lst-kix_fp2xi75y4bck-7 > li:before {
    content: "" counter(lst-ctn-kix_fp2xi75y4bck-7, lower-latin) ". "
  }

  .lst-kix_fp2xi75y4bck-8 > li:before {
    content: "" counter(lst-ctn-kix_fp2xi75y4bck-8, lower-roman) ". "
  }

  ol.lst-kix_sdes54k3d1dz-0 {
    list-style-type: none
  }

  .lst-kix_fp2xi75y4bck-0 > li:before {
    content: "" counter(lst-ctn-kix_fp2xi75y4bck-0, lower-latin) ". "
  }

  .lst-kix_fp2xi75y4bck-1 > li:before {
    content: "" counter(lst-ctn-kix_fp2xi75y4bck-1, lower-latin) ". "
  }

  .lst-kix_fp2xi75y4bck-6 > li:before {
    content: "" counter(lst-ctn-kix_fp2xi75y4bck-6, decimal) ". "
  }

  .lst-kix_48hjtjsjhgku-8 > li:before {
    content: "\0025aa  "
  }

  .lst-kix_fp2xi75y4bck-5 > li:before {
    content: "" counter(lst-ctn-kix_fp2xi75y4bck-5, lower-roman) ". "
  }

  .lst-kix_lef8232oypvk-4 > li {
    counter-increment: lst-ctn-kix_lef8232oypvk-4
  }

  .lst-kix_fp2xi75y4bck-0 > li {
    counter-increment: lst-ctn-kix_fp2xi75y4bck-0
  }

  .lst-kix_fp2xi75y4bck-2 > li:before {
    content: "" counter(lst-ctn-kix_fp2xi75y4bck-2, lower-roman) ". "
  }

  .lst-kix_fp2xi75y4bck-4 > li:before {
    content: "" counter(lst-ctn-kix_fp2xi75y4bck-4, lower-latin) ". "
  }

  .lst-kix_fp2xi75y4bck-3 > li:before {
    content: "" counter(lst-ctn-kix_fp2xi75y4bck-3, decimal) ". "
  }

  .lst-kix_48hjtjsjhgku-2 > li:before {
    content: "\0025aa  "
  }

  .lst-kix_48hjtjsjhgku-0 > li:before {
    content: "\0025cf  "
  }

  .lst-kix_48hjtjsjhgku-4 > li:before {
    content: "o  "
  }

  .lst-kix_48hjtjsjhgku-1 > li:before {
    content: "o  "
  }

  .lst-kix_48hjtjsjhgku-5 > li:before {
    content: "\0025aa  "
  }

  .lst-kix_us542dvi88a2-7 > li {
    counter-increment: lst-ctn-kix_us542dvi88a2-7
  }

  .lst-kix_48hjtjsjhgku-6 > li:before {
    content: "\0025cf  "
  }

  .lst-kix_1d6hdcdeqvp0-2 > li {
    counter-increment: lst-ctn-kix_1d6hdcdeqvp0-2
  }

  .lst-kix_48hjtjsjhgku-7 > li:before {
    content: "o  "
  }

  .lst-kix_8mr05em9xgug-0 > li {
    counter-increment: lst-ctn-kix_8mr05em9xgug-0
  }

  .lst-kix_vyk6mr5mgybu-0 > li {
    counter-increment: lst-ctn-kix_vyk6mr5mgybu-0
  }

  .lst-kix_48hjtjsjhgku-3 > li:before {
    content: "\0025cf  "
  }

  .lst-kix_ado76rvptis3-6 > li {
    counter-increment: lst-ctn-kix_ado76rvptis3-6
  }

  li.li-bullet-2:before {
    margin-left: -27.5pt;
    white-space: nowrap;
    display: inline-block;
    min-width: 27.5pt
  }

  .lst-kix_lef8232oypvk-8 > li {
    counter-increment: lst-ctn-kix_lef8232oypvk-8
  }

  .lst-kix_vyk6mr5mgybu-7 > li:before {
    content: "" counter(lst-ctn-kix_vyk6mr5mgybu-7, lower-latin) ". "
  }

  .lst-kix_fp2xi75y4bck-8 > li {
    counter-increment: lst-ctn-kix_fp2xi75y4bck-8
  }

  .lst-kix_1d6hdcdeqvp0-5 > li {
    counter-increment: lst-ctn-kix_1d6hdcdeqvp0-5
  }

  .lst-kix_9u48j05naszi-5 > li {
    counter-increment: lst-ctn-kix_9u48j05naszi-5
  }

  .lst-kix_us542dvi88a2-4 > li {
    counter-increment: lst-ctn-kix_us542dvi88a2-4
  }

  .lst-kix_vyk6mr5mgybu-8 > li {
    counter-increment: lst-ctn-kix_vyk6mr5mgybu-8
  }

  li.li-bullet-1:before {
    margin-left: -30pt;
    white-space: nowrap;
    display: inline-block;
    min-width: 30pt
  }

  .lst-kix_9u48j05naszi-0 > li:before {
    content: "" counter(lst-ctn-kix_9u48j05naszi-0, decimal) ". "
  }

  .lst-kix_9u48j05naszi-6 > li {
    counter-increment: lst-ctn-kix_9u48j05naszi-6
  }

  .lst-kix_vyk6mr5mgybu-1 > li:before {
    content: "" counter(lst-ctn-kix_vyk6mr5mgybu-1, lower-latin) ". "
  }

  .lst-kix_vyk6mr5mgybu-3 > li:before {
    content: "" counter(lst-ctn-kix_vyk6mr5mgybu-3, decimal) ". "
  }

  .lst-kix_vyk6mr5mgybu-5 > li:before {
    content: "" counter(lst-ctn-kix_vyk6mr5mgybu-5, lower-roman) ". "
  }

  .lst-kix_8mr05em9xgug-7 > li {
    counter-increment: lst-ctn-kix_8mr05em9xgug-7
  }

  .lst-kix_9u48j05naszi-8 > li:before {
    content: "" counter(lst-ctn-kix_9u48j05naszi-8, lower-roman) ". "
  }

  .lst-kix_9u48j05naszi-2 > li:before {
    content: "" counter(lst-ctn-kix_9u48j05naszi-2, lower-roman) ". "
  }

  .lst-kix_9u48j05naszi-4 > li:before {
    content: "" counter(lst-ctn-kix_9u48j05naszi-4, lower-latin) ". "
  }

  .lst-kix_9u48j05naszi-6 > li:before {
    content: "" counter(lst-ctn-kix_9u48j05naszi-6, decimal) ". "
  }

  .lst-kix_7p7yh5e27r3-5 > li:before {
    content: "\0025a0  "
  }

  .lst-kix_9bhkmat180vs-6 > li {
    counter-increment: lst-ctn-kix_9bhkmat180vs-6
  }

  .lst-kix_9bhkmat180vs-1 > li:before {
    content: "" counter(lst-ctn-kix_9bhkmat180vs-1, decimal) ". "
  }

  .lst-kix_us542dvi88a2-3 > li {
    counter-increment: lst-ctn-kix_us542dvi88a2-3
  }

  .lst-kix_7p7yh5e27r3-1 > li:before {
    content: "\0025cb  "
  }

  .lst-kix_9bhkmat180vs-3 > li:before {
    content: "" counter(lst-ctn-kix_9bhkmat180vs-3, decimal) ". "
  }

  .lst-kix_7p7yh5e27r3-7 > li:before {
    content: "\0025cb  "
  }

  .lst-kix_fp2xi75y4bck-1 > li {
    counter-increment: lst-ctn-kix_fp2xi75y4bck-1
  }

  .lst-kix_fp2xi75y4bck-7 > li {
    counter-increment: lst-ctn-kix_fp2xi75y4bck-7
  }

  .lst-kix_sdes54k3d1dz-2 > li {
    counter-increment: lst-ctn-kix_sdes54k3d1dz-2
  }

  .lst-kix_9bhkmat180vs-7 > li:before {
    content: "" counter(lst-ctn-kix_9bhkmat180vs-7, lower-latin) ". "
  }

  .lst-kix_vyk6mr5mgybu-7 > li {
    counter-increment: lst-ctn-kix_vyk6mr5mgybu-7
  }

  .lst-kix_9bhkmat180vs-5 > li:before {
    content: "" counter(lst-ctn-kix_9bhkmat180vs-5, lower-roman) ". "
  }

  .lst-kix_vyk6mr5mgybu-1 > li {
    counter-increment: lst-ctn-kix_vyk6mr5mgybu-1
  }

  .lst-kix_7p7yh5e27r3-3 > li:before {
    content: "\0025cf  "
  }

  .lst-kix_1d6hdcdeqvp0-6 > li {
    counter-increment: lst-ctn-kix_1d6hdcdeqvp0-6
  }

  .lst-kix_ado76rvptis3-1 > li {
    counter-increment: lst-ctn-kix_ado76rvptis3-1
  }

  .lst-kix_1d6hdcdeqvp0-1 > li {
    counter-increment: lst-ctn-kix_1d6hdcdeqvp0-1
  }

  .lst-kix_lef8232oypvk-7 > li {
    counter-increment: lst-ctn-kix_lef8232oypvk-7
  }

  .lst-kix_us542dvi88a2-0 > li:before {
    content: "" counter(lst-ctn-kix_us542dvi88a2-0, decimal) ". "
  }

  .lst-kix_9bhkmat180vs-5 > li {
    counter-increment: lst-ctn-kix_9bhkmat180vs-5
  }

  .lst-kix_us542dvi88a2-3 > li:before {
    content: "" counter(lst-ctn-kix_us542dvi88a2-3, decimal) ". "
  }

  .lst-kix_ado76rvptis3-3 > li:before {
    content: "" counter(lst-ctn-kix_ado76rvptis3-3, decimal) ". "
  }

  .lst-kix_us542dvi88a2-7 > li:before {
    content: "" counter(lst-ctn-kix_us542dvi88a2-7, lower-latin) ". "
  }

  .lst-kix_ado76rvptis3-0 > li:before {
    content: "" counter(lst-ctn-kix_ado76rvptis3-0, decimal) ". "
  }

  .lst-kix_ado76rvptis3-4 > li:before {
    content: "" counter(lst-ctn-kix_ado76rvptis3-4, lower-latin) ". "
  }

  .lst-kix_sdes54k3d1dz-1 > li {
    counter-increment: lst-ctn-kix_sdes54k3d1dz-1
  }

  .lst-kix_us542dvi88a2-4 > li:before {
    content: "" counter(lst-ctn-kix_us542dvi88a2-4, lower-latin) ". "
  }

  .lst-kix_us542dvi88a2-8 > li:before {
    content: "" counter(lst-ctn-kix_us542dvi88a2-8, lower-roman) ". "
  }

  .lst-kix_9u48j05naszi-1 > li {
    counter-increment: lst-ctn-kix_9u48j05naszi-1
  }

  .lst-kix_us542dvi88a2-8 > li {
    counter-increment: lst-ctn-kix_us542dvi88a2-8
  }

  .lst-kix_ado76rvptis3-8 > li:before {
    content: "" counter(lst-ctn-kix_ado76rvptis3-8, lower-roman) ". "
  }

  .lst-kix_8mr05em9xgug-6 > li {
    counter-increment: lst-ctn-kix_8mr05em9xgug-6
  }

  .lst-kix_sdes54k3d1dz-6 > li {
    counter-increment: lst-ctn-kix_sdes54k3d1dz-6
  }

  .lst-kix_1d6hdcdeqvp0-8 > li {
    counter-increment: lst-ctn-kix_1d6hdcdeqvp0-8
  }

  .lst-kix_ado76rvptis3-7 > li:before {
    content: "" counter(lst-ctn-kix_ado76rvptis3-7, lower-latin) ". "
  }

  .lst-kix_us542dvi88a2-1 > li {
    counter-increment: lst-ctn-kix_us542dvi88a2-1
  }

  .lst-kix_lef8232oypvk-5 > li {
    counter-increment: lst-ctn-kix_lef8232oypvk-5
  }

  .lst-kix_sdes54k3d1dz-4 > li {
    counter-increment: lst-ctn-kix_sdes54k3d1dz-4
  }

  .lst-kix_vyk6mr5mgybu-6 > li:before {
    content: "" counter(lst-ctn-kix_vyk6mr5mgybu-6, decimal) ". "
  }

  .lst-kix_8mr05em9xgug-1 > li:before {
    content: "" counter(lst-ctn-kix_8mr05em9xgug-1, lower-latin) ". "
  }

  .lst-kix_lef8232oypvk-0 > li {
    counter-increment: lst-ctn-kix_lef8232oypvk-0
  }

  .lst-kix_8mr05em9xgug-4 > li {
    counter-increment: lst-ctn-kix_8mr05em9xgug-4
  }

  .lst-kix_sdes54k3d1dz-6 > li:before {
    content: "" counter(lst-ctn-kix_sdes54k3d1dz-6, decimal) ". "
  }

  .lst-kix_sdes54k3d1dz-2 > li:before {
    content: "" counter(lst-ctn-kix_sdes54k3d1dz-2, lower-roman) ". "
  }

  .lst-kix_8mr05em9xgug-5 > li:before {
    content: "" counter(lst-ctn-kix_8mr05em9xgug-5, lower-roman) ". "
  }

  .lst-kix_9u48j05naszi-3 > li {
    counter-increment: lst-ctn-kix_9u48j05naszi-3
  }

  .lst-kix_vyk6mr5mgybu-2 > li:before {
    content: "" counter(lst-ctn-kix_vyk6mr5mgybu-2, lower-roman) ". "
  }

  .lst-kix_lef8232oypvk-2 > li:before {
    content: "" counter(lst-ctn-kix_lef8232oypvk-2, lower-latin) ". "
  }

  .lst-kix_lef8232oypvk-6 > li:before {
    content: "" counter(lst-ctn-kix_lef8232oypvk-6, decimal) ". "
  }

  .lst-kix_9u48j05naszi-7 > li:before {
    content: "" counter(lst-ctn-kix_9u48j05naszi-7, lower-latin) ". "
  }

  .lst-kix_ado76rvptis3-4 > li {
    counter-increment: lst-ctn-kix_ado76rvptis3-4
  }

  .lst-kix_9u48j05naszi-8 > li {
    counter-increment: lst-ctn-kix_9u48j05naszi-8
  }

  .lst-kix_9u48j05naszi-3 > li:before {
    content: "" counter(lst-ctn-kix_9u48j05naszi-3, decimal) ". "
  }

  .lst-kix_1d6hdcdeqvp0-6 > li:before {
    content: "" counter(lst-ctn-kix_1d6hdcdeqvp0-6, decimal) ". "
  }

  ol.lst-kix_sdes54k3d1dz-0.start {
    counter-reset: lst-ctn-kix_sdes54k3d1dz-0 0
  }

  .lst-kix_us542dvi88a2-6 > li {
    counter-increment: lst-ctn-kix_us542dvi88a2-6
  }

  .lst-kix_9bhkmat180vs-3 > li {
    counter-increment: lst-ctn-kix_9bhkmat180vs-3
  }

  .lst-kix_9bhkmat180vs-2 > li:before {
    content: "" counter(lst-ctn-kix_9bhkmat180vs-2, lower-latin) ". "
  }

  .lst-kix_7p7yh5e27r3-0 > li:before {
    content: "\0025cf  "
  }

  .lst-kix_7p7yh5e27r3-8 > li:before {
    content: "\0025a0  "
  }

  .lst-kix_1d6hdcdeqvp0-2 > li:before {
    content: "" counter(lst-ctn-kix_1d6hdcdeqvp0-2, lower-roman) ". "
  }

  .lst-kix_vyk6mr5mgybu-4 > li {
    counter-increment: lst-ctn-kix_vyk6mr5mgybu-4
  }

  .lst-kix_fp2xi75y4bck-4 > li {
    counter-increment: lst-ctn-kix_fp2xi75y4bck-4
  }

  .lst-kix_1d6hdcdeqvp0-3 > li {
    counter-increment: lst-ctn-kix_1d6hdcdeqvp0-3
  }

  .lst-kix_9bhkmat180vs-6 > li:before {
    content: "" counter(lst-ctn-kix_9bhkmat180vs-6, decimal) ". "
  }

  .lst-kix_7p7yh5e27r3-4 > li:before {
    content: "\0025cb  "
  }

  ol {
    margin: 0;
    padding: 0
  }

  table td, table th {
    padding: 0
  }

  .c16 {
    border-right-style: solid;
    padding: 0pt 5.4pt 0pt 5.4pt;
    border-bottom-color: #000000;
    border-top-width: 1pt;
    border-right-width: 1pt;
    border-left-color: #000000;
    vertical-align: middle;
    border-right-color: #000000;
    border-left-width: 1pt;
    border-top-style: solid;
    border-left-style: solid;
    border-bottom-width: 1pt;
    width: 118.2pt;
    border-top-color: #000000;
    border-bottom-style: solid
  }

  .c61 {
    border-right-style: solid;
    padding: 0pt 5.4pt 0pt 5.4pt;
    border-bottom-color: #000000;
    border-top-width: 1pt;
    border-right-width: 1pt;
    border-left-color: #000000;
    vertical-align: top;
    border-right-color: #000000;
    border-left-width: 1pt;
    border-top-style: solid;
    border-left-style: solid;
    border-bottom-width: 1pt;
    width: 236.4pt;
    border-top-color: #000000;
    border-bottom-style: solid
  }

  .c82 {
    border-right-style: solid;
    padding: 0pt 5.4pt 0pt 5.4pt;
    border-bottom-color: #000000;
    border-top-width: 1pt;
    border-right-width: 1pt;
    border-left-color: #000000;
    vertical-align: top;
    border-right-color: #000000;
    border-left-width: 1pt;
    border-top-style: solid;
    border-left-style: solid;
    border-bottom-width: 1pt;
    width: 198pt;
    border-top-color: #000000;
    border-bottom-style: solid
  }

  .c17 {
    border-right-style: solid;
    padding: 0pt 5.4pt 0pt 5.4pt;
    border-bottom-color: #000000;
    border-top-width: 1pt;
    border-right-width: 1pt;
    border-left-color: #000000;
    vertical-align: middle;
    border-right-color: #000000;
    border-left-width: 1pt;
    border-top-style: solid;
    border-left-style: solid;
    border-bottom-width: 1pt;
    width: 198pt;
    border-top-color: #000000;
    border-bottom-style: solid
  }

  .c66 {
    padding-top: 0pt;
    border-bottom-color: #000000;
    border-bottom-width: 0.8pt;
    padding-bottom: 1pt;
    line-height: 1.0;
    border-bottom-style: solid;
    orphans: 2;
    widows: 2;
    text-align: left
  }

  .c3 {
    -webkit-text-decoration-skip: none;
    color: #000000;
    font-weight: 400;
    text-decoration: underline;
    vertical-align: baseline;
    text-decoration-skip-ink: none;
    font-size: 11pt;
    font-family: "Arial";
    font-style: normal
  }

  .c1 {
    color: #000000;
    font-weight: 400;
    text-decoration: none;
    vertical-align: baseline;
    font-size: 11pt;
    font-family: "Arial";
    font-style: normal
  }

  .c6 {
    padding-top: 0pt;
    padding-bottom: 0pt;
    line-height: 1.0;
    orphans: 2;
    widows: 2;
    text-align: left;
    height: 11pt
  }

  .c21 {
    padding-top: 0pt;
    padding-bottom: 0pt;
    line-height: 1.0;
    orphans: 2;
    widows: 2;
    text-align: center
  }

  .c53 {
    color: #000000;
    text-decoration: none;
    vertical-align: baseline;
    font-size: 11pt;
    font-family: "Arial";
    font-style: normal
  }

  .c49 {
    padding-top: 0pt;
    padding-bottom: 6pt;
    line-height: 1.0;
    orphans: 2;
    widows: 2;
    text-align: left
  }

  .c14 {
    padding-top: 0pt;
    padding-bottom: 0pt;
    line-height: 1.0;
    orphans: 2;
    widows: 2;
    text-align: left
  }

  .c42 {
    margin-left: 110pt;
    border-spacing: 0;
    border-collapse: collapse;
    margin-right: auto
  }

  .c5 {
    text-decoration-skip-ink: none;
    -webkit-text-decoration-skip: none;
    font-weight: 700;
    text-decoration: underline
  }

  .c13 {
    margin-left: -5.4pt;
    border-spacing: 0;
    border-collapse: collapse;
    margin-right: auto
  }

  .c81 {
    background-color: #ffffff;
    max-width: 451.4pt;
    padding: 72pt 72pt 72pt 72pt
  }

  .c56 {
    text-decoration-skip-ink: none;
    -webkit-text-decoration-skip: none;
    text-decoration: underline
  }

  .c33 {
    margin-left: 15.5pt;
    padding-left: 12pt
  }

  .c48 {
    margin-left: 18pt;
    padding-left: 9.5pt
  }

  .c30 {
    padding: 0;
    margin: 0
  }

  .c23 {
    height: 0pt
  }

  .c68 {
    margin-left: -2.5pt
  }

  .c57 {
    font-size: 9pt
  }

  .c36 {
    text-indent: -33pt
  }

  .c34 {
    font-weight: 700
  }

  .c41 {
    height: 11pt
  }

  .c18 {
    margin-left: -38.5pt
  }

  .c52 {
    font-style: italic
  }

  .c80 {
    font-size: 8pt
  }

  .c26 {
    text-indent: -38.5pt
  }

  .c65 {
    margin-left: 27pt
  }

  li {
    color: #000000;
    font-size: 11pt;
    font-family: "Arial"
  }

  p {
    margin: 0;
    color: #000000;
    font-size: 11pt;
    font-family: "Arial"
  }

  h1 {
    padding-top: 20pt;
    color: #000000;
    font-size: 20pt;
    padding-bottom: 6pt;
    font-family: "Arial";
    line-height: 1.15;
    page-break-after: avoid;
    orphans: 2;
    widows: 2;
    text-align: left
  }

  h2 {
    padding-top: 18pt;
    color: #000000;
    font-size: 16pt;
    padding-bottom: 6pt;
    font-family: "Arial";
    line-height: 1.15;
    page-break-after: avoid;
    orphans: 2;
    widows: 2;
    text-align: left
  }

  h3 {
    padding-top: 16pt;
    color: #434343;
    font-size: 14pt;
    padding-bottom: 4pt;
    font-family: "Arial";
    line-height: 1.15;
    page-break-after: avoid;
    orphans: 2;
    widows: 2;
    text-align: left
  }

  h4 {
    padding-top: 14pt;
    color: #666666;
    font-size: 12pt;
    padding-bottom: 4pt;
    font-family: "Arial";
    line-height: 1.15;
    page-break-after: avoid;
    orphans: 2;
    widows: 2;
    text-align: left
  }

  h5 {
    padding-top: 12pt;
    color: #666666;
    font-size: 11pt;
    padding-bottom: 4pt;
    font-family: "Arial";
    line-height: 1.15;
    page-break-after: avoid;
    orphans: 2;
    widows: 2;
    text-align: left
  }

  h6 {
    padding-top: 12pt;
    color: #666666;
    font-size: 11pt;
    padding-bottom: 4pt;
    font-family: "Arial";
    line-height: 1.15;
    page-break-after: avoid;
    font-style: italic;
    orphans: 2;
    widows: 2;
    text-align: left
  }</style>
</head>
<body class="c81">
<p class="c14 c26"><span class="c34 c53">Part 3</span></p>
<p class="c6 c26"><span class="c1"></span></p>
<p class="c14"><span class="c5">Please complete, scan and return by e-mail within 5 working days</span><span
  class="c34">. </span></p>
<p class="c14 c26"><span class="c1">&nbsp;&nbsp;&nbsp;&nbsp;&nbsp;&nbsp;&nbsp;&nbsp;</span></p>
<p class="c14 c18"><span>Offender&rsquo;s Name: </span><span
  class="c34">Billie Badger</span><span>&nbsp;&nbsp;&nbsp;&nbsp;&nbsp;&nbsp;&nbsp;&nbsp;&nbsp;&nbsp;&nbsp;&nbsp;&nbsp;&nbsp;&nbsp;&nbsp;Prison Number: </span><span
  class="c34">B1234</span></p>
<p class="c6 c26"><span class="c1"></span></p>
<p class="c14 c18"><span class="c34">IMPORTANT: &nbsp;PLEASE INCLUDE A COPY OF THE ORDER OF IMPRISONMENT WHEN RETURNING THIS PART 3</span>
</p>
<p class="c6 c26"><span class="c1"></span></p>
<p class="c14 c18"><span class="c34">Section 1 - Reason for Imprisonment</span><span>&nbsp;(Please tick appropriate option below and complete </span><span
  class="c34 c52">all </span><span class="c1">relevant information)</span></p>
<p class="c14 c26"><span>&nbsp;&nbsp;&nbsp;&nbsp;&nbsp;&nbsp;&nbsp;&nbsp;&nbsp; &nbsp; &nbsp; &nbsp;&#9633; &nbsp;The recalled offender is held in custody </span><span
  class="c56">solely</span><span class="c1">&nbsp;on the licence revocation order.</span></p>
<p class="c14 c26 c65"><span class="c1">&nbsp; &nbsp; &nbsp; &nbsp;&#9633; &nbsp;The recalled offender is also subject to further charges or sentence.</span>
</p>
<p class="c6 c26"><span class="c1"></span></p>
<p class="c14 c26"><span>If a further sentence has been received, please give the new release date: </span><span
  class="c3">&nbsp;&nbsp;&nbsp;&nbsp;&nbsp;&nbsp;&nbsp;&nbsp;&nbsp;&nbsp;&nbsp;&nbsp;&nbsp;&nbsp;&nbsp;&nbsp;&nbsp;&nbsp;&nbsp;&nbsp;&nbsp;&nbsp;&nbsp;&nbsp;</span>
</p>
<p class="c6 c26"><span class="c1"></span></p>
<p class="c14 c26"><span>Sentence Calculation notes:</span></p>
<p class="c6 c26"><span class="c1"></span></p>
<ol class="c30 lst-kix_sdes54k3d1dz-0 start" start="1">
  <li class="c14 c33 li-bullet-1"><span class="c1">Recalled offenders whose licence has been revoked under Section 254 of the Criminal Justice Act 2003, as amended, will not have an LED, only an SLED (Sentence and Licence Expiry Date). SLED dates should be adjusted by UAL time.</span>
  </li>
</ol>
<p class="c6 c26"><span class="c1"></span></p>
<ol class="c30 lst-kix_sdes54k3d1dz-0" start="2">
  <li class="c14 c48 li-bullet-2"><span class="c1">Irrespective of the length of the original sentence, in all recall cases the custody office must provide the Public Protection Casework Section with the day 28 calculation (beginning from the date of return to custody).</span>
  </li>
</ol>
<p class="c6 c68"><span class="c1"></span></p>
<p class="c41 c26 c66"><span class="c1"></span></p>
<p class="c6 c26"><span class="c1"></span></p>
<p class="c14 c18"><span class="c34">Section 2 &ndash; Current Sentence Dates </span><span>(Please complete the day 28 calculation box and </span><span
  class="c34">provide the SLED, adjusted by UAL</span><span class="c34 c52">&nbsp;</span><span class="c57 c34 c52">(nb. if the offender has been recalled under the Criminal Justice Act 1991 and has an LED, please provide details of ADAs)</span><span
  class="c1">)</span></p>
<p class="c6 c26"><span class="c1"></span></p>
<p class="c14 c26"><span class="c34">Standard Recalls: </span></p><a
  id="t.9091bf8624673a8be269dba9516cafc74f5edb72"></a><a id="t.2"></a>
<table class="c42">
  <tbody>
  <tr class="c23">
    <td class="c82" colspan="1" rowspan="1"><p class="c21"><span class="c34">DAY 28 CALCULATION</span></p></td>
  </tr>
  <tr class="c23">
    <td class="c17" colspan="1" rowspan="1"><p class="c21 c41"><span class="c1"></span></p>
      <p class="c21 c41"><span class="c1"></span></p></td>
  </tr>
  </tbody>
</table>
<p class="c6 c26"><span class="c1"></span></p><a id="t.f033423fbe64461c717b7f59c7fbcb7360d57e59"></a><a id="t.3"></a>
<table class="c13">
  <tbody>
  <tr class="c23">
    <td class="c16" colspan="1" rowspan="1"><p class="c21"><span class="c34">SLED</span></p></td>
    <td class="c16" colspan="1" rowspan="1"><p class="c21"><span class="c34">UAL</span></p></td>
    <td class="c16" colspan="1" rowspan="1"><p class="c21"><span class="c34">ADAs </span></p>
      <p class="c21"><span class="c34 c80">(CJA 1991 act cases only)</span></p></td>
    <td class="c16" colspan="1" rowspan="1"><p class="c21"><span class="c34">REVISED SLED</span></p></td>
  </tr>
  <tr class="c23">
    <td class="c16" colspan="1" rowspan="1"><p class="c21 c41"><span class="c1"></span></p>
      <p class="c21 c41"><span class="c1"></span></p></td>
    <td class="c16" colspan="1" rowspan="1"><p class="c21 c41"><span class="c1"></span></p></td>
    <td class="c16" colspan="1" rowspan="1"><p class="c21 c41"><span class="c1"></span></p></td>
    <td class="c16" colspan="1" rowspan="1"><p class="c21 c41"><span class="c1"></span></p></td>
  </tr>
  </tbody>
</table>
<p class="c6 c26"><span class="c1"></span></p>
<p class="c14 c36"><span class="c1">For Extended Sentence Offenders please specify the Custodial Term and the Extension period:</span>
</p>
<p class="c6 c36"><span class="c1"></span></p><a id="t.c9c1c8f63fd8ca4b6d635cc6c3408b49098c40b1"></a><a id="t.4"></a>
<table class="c13">
  <tbody>
  <tr class="c23">
    <td class="c61" colspan="1" rowspan="1"><p class="c21"><span class="c34">CUSTODIAL TERM</span></p></td>
    <td class="c61" colspan="1" rowspan="1"><p class="c21"><span class="c34">EXTENSION PERIOD</span></p></td>
  </tr>
  <tr class="c23">
    <td class="c61" colspan="1" rowspan="1"><p class="c21 c41"><span class="c1"></span></p></td>
    <td class="c61" colspan="1" rowspan="1"><p class="c21 c41"><span class="c1"></span></p></td>
  </tr>
  </tbody>
</table>
<p class="c6 c26"><span class="c1"></span></p>
<table>
  <tr>
  <tr>
    <td colspan="5"><br></td>
  </tr>
    <td>
      <p class="c14 c26"><span class="c34">&nbsp;Completed by: &nbsp;</span></p>
    </td>
    <td>
      <p class="c14 c26"><span class="c5">&nbsp;&nbsp;&nbsp;&nbsp;&nbsp;&nbsp;&nbsp;&nbsp;&nbsp;&nbsp;&nbsp;&nbsp;&nbsp;&nbsp;&nbsp;&nbsp;&nbsp;&nbsp;&nbsp;&nbsp;&nbsp;&nbsp;&nbsp;&nbsp;&nbsp;&nbsp;&nbsp;&nbsp;&nbsp;&nbsp;&nbsp;&nbsp;&nbsp;&nbsp;&nbsp;&nbsp;&nbsp;&nbsp;&nbsp;&nbsp;&nbsp;&nbsp;&nbsp;&nbsp;&nbsp;&nbsp;&nbsp;&nbsp;</span></p>
    </td>
    <td><span>&nbsp;&nbsp;&nbsp;&nbsp;&nbsp;&nbsp;&nbsp;&nbsp;&nbsp;&nbsp;&nbsp;&nbsp;&nbsp;&nbsp;&nbsp;&nbsp;</span></td>
    <td>
      <p class="c14"><span class="c34">&nbsp;Telephone: &nbsp;</span></p>
    </td>
    <td>
      <p class="c14 "><span class="c5">&nbsp;&nbsp;&nbsp;&nbsp;&nbsp;&nbsp;&nbsp;&nbsp;&nbsp;&nbsp;&nbsp;&nbsp;&nbsp;&nbsp;&nbsp;&nbsp;&nbsp;&nbsp;&nbsp;&nbsp;&nbsp;&nbsp;&nbsp;&nbsp;&nbsp;&nbsp;&nbsp;&nbsp;&nbsp;&nbsp;&nbsp;&nbsp;&nbsp;&nbsp;&nbsp;&nbsp;&nbsp;&nbsp;&nbsp;&nbsp;&nbsp;&nbsp;&nbsp;&nbsp;&nbsp;&nbsp;&nbsp;&nbsp;</span></p>
    </td>
  </tr>
  <tr>
    <td colspan="5"><br><br></td>
  </tr>
  <tr>
    <td>
      <p class="c14 c26"><span class="c34">&nbsp;Establishment: &nbsp;</span></p>
    </td>
    <td>
      <p class="c14 c26"><span class="c5">&nbsp;&nbsp;&nbsp;&nbsp;&nbsp;&nbsp;&nbsp;&nbsp;&nbsp;&nbsp;&nbsp;&nbsp;&nbsp;&nbsp;&nbsp;&nbsp;&nbsp;&nbsp;&nbsp;&nbsp;&nbsp;&nbsp;&nbsp;&nbsp;&nbsp;&nbsp;&nbsp;&nbsp;&nbsp;&nbsp;&nbsp;&nbsp;&nbsp;&nbsp;&nbsp;&nbsp;&nbsp;&nbsp;&nbsp;&nbsp;&nbsp;&nbsp;&nbsp;&nbsp;&nbsp;&nbsp;&nbsp;&nbsp;</span></p>
    </td>
    <td><span>&nbsp;&nbsp;&nbsp;&nbsp;&nbsp;&nbsp;&nbsp;&nbsp;&nbsp;&nbsp;&nbsp;&nbsp;&nbsp;&nbsp;&nbsp;&nbsp;</span></td>
    <td>
      <p class="c14"><span class="c34">&nbsp;Date: &nbsp;</span></p>
    </td>
    <td>
      <p class="c14 "><span class="c5">&nbsp;&nbsp;&nbsp;&nbsp;&nbsp;&nbsp;&nbsp;&nbsp;&nbsp;&nbsp;&nbsp;&nbsp;&nbsp;&nbsp;&nbsp;&nbsp;&nbsp;&nbsp;&nbsp;&nbsp;&nbsp;&nbsp;&nbsp;&nbsp;&nbsp;&nbsp;&nbsp;&nbsp;&nbsp;&nbsp;&nbsp;&nbsp;&nbsp;&nbsp;&nbsp;&nbsp;&nbsp;&nbsp;&nbsp;&nbsp;&nbsp;&nbsp;&nbsp;&nbsp;&nbsp;&nbsp;&nbsp;&nbsp;</span></p>
    </td>
  </tr>
</table>
</body>
</html>